Archive member included to satisfy reference by file (symbol)

C:/ST/STM32CubeIDE_1.17.0/STM32CubeIDE/plugins/com.st.stm32cube.ide.mcu.externaltools.gnu-tools-for-stm32.12.3.rel1.win32_1.1.0.202410251130/tools/bin/../lib/gcc/arm-none-eabi/12.3.1/../../../../arm-none-eabi/lib/thumb/v7-m/nofp\libc_nano.a(libc_a-exit.o)
                              C:/ST/STM32CubeIDE_1.17.0/STM32CubeIDE/plugins/com.st.stm32cube.ide.mcu.externaltools.gnu-tools-for-stm32.12.3.rel1.win32_1.1.0.202410251130/tools/bin/../lib/gcc/arm-none-eabi/12.3.1/../../../../arm-none-eabi/lib/thumb/v7-m/nofp/crt0.o (exit)
C:/ST/STM32CubeIDE_1.17.0/STM32CubeIDE/plugins/com.st.stm32cube.ide.mcu.externaltools.gnu-tools-for-stm32.12.3.rel1.win32_1.1.0.202410251130/tools/bin/../lib/gcc/arm-none-eabi/12.3.1/../../../../arm-none-eabi/lib/thumb/v7-m/nofp\libc_nano.a(libc_a-findfp.o)
                              C:/ST/STM32CubeIDE_1.17.0/STM32CubeIDE/plugins/com.st.stm32cube.ide.mcu.externaltools.gnu-tools-for-stm32.12.3.rel1.win32_1.1.0.202410251130/tools/bin/../lib/gcc/arm-none-eabi/12.3.1/../../../../arm-none-eabi/lib/thumb/v7-m/nofp\libc_nano.a(libc_a-exit.o) (__stdio_exit_handler)
C:/ST/STM32CubeIDE_1.17.0/STM32CubeIDE/plugins/com.st.stm32cube.ide.mcu.externaltools.gnu-tools-for-stm32.12.3.rel1.win32_1.1.0.202410251130/tools/bin/../lib/gcc/arm-none-eabi/12.3.1/../../../../arm-none-eabi/lib/thumb/v7-m/nofp\libc_nano.a(libc_a-fwalk.o)
                              C:/ST/STM32CubeIDE_1.17.0/STM32CubeIDE/plugins/com.st.stm32cube.ide.mcu.externaltools.gnu-tools-for-stm32.12.3.rel1.win32_1.1.0.202410251130/tools/bin/../lib/gcc/arm-none-eabi/12.3.1/../../../../arm-none-eabi/lib/thumb/v7-m/nofp\libc_nano.a(libc_a-findfp.o) (_fwalk_sglue)
C:/ST/STM32CubeIDE_1.17.0/STM32CubeIDE/plugins/com.st.stm32cube.ide.mcu.externaltools.gnu-tools-for-stm32.12.3.rel1.win32_1.1.0.202410251130/tools/bin/../lib/gcc/arm-none-eabi/12.3.1/../../../../arm-none-eabi/lib/thumb/v7-m/nofp\libc_nano.a(libc_a-sprintf.o)
                              ./Core/Src/main.o (sprintf)
C:/ST/STM32CubeIDE_1.17.0/STM32CubeIDE/plugins/com.st.stm32cube.ide.mcu.externaltools.gnu-tools-for-stm32.12.3.rel1.win32_1.1.0.202410251130/tools/bin/../lib/gcc/arm-none-eabi/12.3.1/../../../../arm-none-eabi/lib/thumb/v7-m/nofp\libc_nano.a(libc_a-stdio.o)
                              C:/ST/STM32CubeIDE_1.17.0/STM32CubeIDE/plugins/com.st.stm32cube.ide.mcu.externaltools.gnu-tools-for-stm32.12.3.rel1.win32_1.1.0.202410251130/tools/bin/../lib/gcc/arm-none-eabi/12.3.1/../../../../arm-none-eabi/lib/thumb/v7-m/nofp\libc_nano.a(libc_a-findfp.o) (__sread)
C:/ST/STM32CubeIDE_1.17.0/STM32CubeIDE/plugins/com.st.stm32cube.ide.mcu.externaltools.gnu-tools-for-stm32.12.3.rel1.win32_1.1.0.202410251130/tools/bin/../lib/gcc/arm-none-eabi/12.3.1/../../../../arm-none-eabi/lib/thumb/v7-m/nofp\libc_nano.a(libc_a-memset.o)
                              C:/ST/STM32CubeIDE_1.17.0/STM32CubeIDE/plugins/com.st.stm32cube.ide.mcu.externaltools.gnu-tools-for-stm32.12.3.rel1.win32_1.1.0.202410251130/tools/bin/../lib/gcc/arm-none-eabi/12.3.1/../../../../arm-none-eabi/lib/thumb/v7-m/nofp/crt0.o (memset)
C:/ST/STM32CubeIDE_1.17.0/STM32CubeIDE/plugins/com.st.stm32cube.ide.mcu.externaltools.gnu-tools-for-stm32.12.3.rel1.win32_1.1.0.202410251130/tools/bin/../lib/gcc/arm-none-eabi/12.3.1/../../../../arm-none-eabi/lib/thumb/v7-m/nofp\libc_nano.a(libc_a-closer.o)
                              C:/ST/STM32CubeIDE_1.17.0/STM32CubeIDE/plugins/com.st.stm32cube.ide.mcu.externaltools.gnu-tools-for-stm32.12.3.rel1.win32_1.1.0.202410251130/tools/bin/../lib/gcc/arm-none-eabi/12.3.1/../../../../arm-none-eabi/lib/thumb/v7-m/nofp\libc_nano.a(libc_a-stdio.o) (_close_r)
C:/ST/STM32CubeIDE_1.17.0/STM32CubeIDE/plugins/com.st.stm32cube.ide.mcu.externaltools.gnu-tools-for-stm32.12.3.rel1.win32_1.1.0.202410251130/tools/bin/../lib/gcc/arm-none-eabi/12.3.1/../../../../arm-none-eabi/lib/thumb/v7-m/nofp\libc_nano.a(libc_a-reent.o)
                              C:/ST/STM32CubeIDE_1.17.0/STM32CubeIDE/plugins/com.st.stm32cube.ide.mcu.externaltools.gnu-tools-for-stm32.12.3.rel1.win32_1.1.0.202410251130/tools/bin/../lib/gcc/arm-none-eabi/12.3.1/../../../../arm-none-eabi/lib/thumb/v7-m/nofp\libc_nano.a(libc_a-closer.o) (errno)
C:/ST/STM32CubeIDE_1.17.0/STM32CubeIDE/plugins/com.st.stm32cube.ide.mcu.externaltools.gnu-tools-for-stm32.12.3.rel1.win32_1.1.0.202410251130/tools/bin/../lib/gcc/arm-none-eabi/12.3.1/../../../../arm-none-eabi/lib/thumb/v7-m/nofp\libc_nano.a(libc_a-impure.o)
                              C:/ST/STM32CubeIDE_1.17.0/STM32CubeIDE/plugins/com.st.stm32cube.ide.mcu.externaltools.gnu-tools-for-stm32.12.3.rel1.win32_1.1.0.202410251130/tools/bin/../lib/gcc/arm-none-eabi/12.3.1/../../../../arm-none-eabi/lib/thumb/v7-m/nofp\libc_nano.a(libc_a-sprintf.o) (_impure_ptr)
[...]
Memory Configuration

Name             Origin             Length             Attributes
RAM              0x20000000         0x00005000         xrw
FLASH            0x08000000         0x00010000         xr
*default*        0x00000000         0xffffffff

Linker script and memory map

LOAD C:/ST/STM32CubeIDE_1.17.0/STM32CubeIDE/plugins/com.st.stm32cube.ide.mcu.externaltools.gnu-tools-for-stm32.12.3.rel1.win32_1.1.0.202410251130/tools/bin/../lib/gcc/arm-none-eabi/12.3.1/thumb/v7-m/nofp/crti.o
LOAD C:/ST/STM32CubeIDE_1.17.0/STM32CubeIDE/plugins/com.st.stm32cube.ide.mcu.externaltools.gnu-tools-for-stm32.12.3.rel1.win32_1.1.0.202410251130/tools/bin/../lib/gcc/arm-none-eabi/12.3.1/thumb/v7-m/nofp/crtbegin.o
LOAD C:/ST/STM32CubeIDE_1.17.0/STM32CubeIDE/plugins/com.st.stm32cube.ide.mcu.externaltools.gnu-tools-for-stm32.12.3.rel1.win32_1.1.0.202410251130/tools/bin/../lib/gcc/arm-none-eabi/12.3.1/../../../../arm-none-eabi/lib/thumb/v7-m/nofp/crt0.o
LOAD ./Core/Src/main.o
LOAD ./Core/Src/stm32f1xx_hal_msp.o
LOAD ./Core/Src/stm32f1xx_it.o
LOAD ./Core/Src/syscalls.o
LOAD ./Core/Src/sysmem.o
LOAD ./Core/Src/system_stm32f1xx.o
LOAD ./Core/Startup/startup_stm32f103c8tx.o
LOAD ./Drivers/STM32F1xx_HAL_Driver/Src/stm32f1xx_hal.o
LOAD ./Drivers/STM32F1xx_HAL_Driver/Src/stm32f1xx_hal_cortex.o
LOAD ./Drivers/STM32F1xx_HAL_Driver/Src/stm32f1xx_hal_dma.o
LOAD ./Drivers/STM32F1xx_HAL_Driver/Src/stm32f1xx_hal_exti.o
LOAD ./Drivers/STM32F1xx_HAL_Driver/Src/stm32f1xx_hal_flash.o
LOAD ./Drivers/STM32F1xx_HAL_Driver/Src/stm32f1xx_hal_flash_ex.o
LOAD ./Drivers/STM32F1xx_HAL_Driver/Src/stm32f1xx_hal_gpio.o
LOAD ./Drivers/STM32F1xx_HAL_Driver/Src/stm32f1xx_hal_gpio_ex.o
LOAD ./Drivers/STM32F1xx_HAL_Driver/Src/stm32f1xx_hal_i2c.o
LOAD ./Drivers/STM32F1xx_HAL_Driver/Src/stm32f1xx_hal_pcd.o
LOAD ./Drivers/STM32F1xx_HAL_Driver/Src/stm32f1xx_hal_pcd_ex.o
LOAD ./Drivers/STM32F1xx_HAL_Driver/Src/stm32f1xx_hal_pwr.o
LOAD ./Drivers/STM32F1xx_HAL_Driver/Src/stm32f1xx_hal_rcc.o
LOAD ./Drivers/STM32F1xx_HAL_Driver/Src/stm32f1xx_hal_rcc_ex.o
LOAD ./Drivers/STM32F1xx_HAL_Driver/Src/stm32f1xx_hal_tim.o
LOAD ./Drivers/STM32F1xx_HAL_Driver/Src/stm32f1xx_hal_tim_ex.o
LOAD ./Drivers/STM32F1xx_HAL_Driver/Src/stm32f1xx_hal_uart.o
LOAD ./Drivers/STM32F1xx_HAL_Driver/Src/stm32f1xx_ll_usb.o
LOAD ./Middlewares/ST/STM32_USB_Device_Library/Class/CDC/Src/usbd_cdc.o
LOAD ./Middlewares/ST/STM32_USB_Device_Library/Core/Src/usbd_core.o
LOAD ./Middlewares/ST/STM32_USB_Device_Library/Core/Src/usbd_ctlreq.o
LOAD ./Middlewares/ST/STM32_USB_Device_Library/Core/Src/usbd_ioreq.o
LOAD ./USB_DEVICE/App/usb_device.o
LOAD ./USB_DEVICE/App/usbd_cdc_if.o
LOAD ./USB_DEVICE/App/usbd_desc.o
LOAD ./USB_DEVICE/Target/usbd_conf.o
START GROUP
LOAD C:/ST/STM32CubeIDE_1.17.0/STM32CubeIDE/plugins/com.st.stm32cube.ide.mcu.externaltools.gnu-tools-for-stm32.12.3.rel1.win32_1.1.0.202410251130/tools/bin/../lib/gcc/arm-none-eabi/12.3.1/../../../../arm-none-eabi/lib/thumb/v7-m/nofp\libc_nano.a
LOAD C:/ST/STM32CubeIDE_1.17.0/STM32CubeIDE/plugins/com.st.stm32cube.ide.mcu.externaltools.gnu-tools-for-stm32.12.3.rel1.win32_1.1.0.202410251130/tools/bin/../lib/gcc/arm-none-eabi/12.3.1/../../../../arm-none-eabi/lib/thumb/v7-m/nofp\libm.a
END GROUP
START GROUP
LOAD C:/ST/STM32CubeIDE_1.17.0/STM32CubeIDE/plugins/com.st.stm32cube.ide.mcu.externaltools.gnu-tools-for-stm32.12.3.rel1.win32_1.1.0.202410251130/tools/bin/../lib/gcc/arm-none-eabi/12.3.1/thumb/v7-m/nofp\libgcc.a
LOAD C:/ST/STM32CubeIDE_1.17.0/STM32CubeIDE/plugins/com.st.stm32cube.ide.mcu.externaltools.gnu-tools-for-stm32.12.3.rel1.win32_1.1.0.202410251130/tools/bin/../lib/gcc/arm-none-eabi/12.3.1/../../../../arm-none-eabi/lib/thumb/v7-m/nofp\libc_nano.a
END GROUP
START GROUP
LOAD C:/ST/STM32CubeIDE_1.17.0/STM32CubeIDE/plugins/com.st.stm32cube.ide.mcu.externaltools.gnu-tools-for-stm32.12.3.rel1.win32_1.1.0.202410251130/tools/bin/../lib/gcc/arm-none-eabi/12.3.1/thumb/v7-m/nofp\libgcc.a
LOAD C:/ST/STM32CubeIDE_1.17.0/STM32CubeIDE/plugins/com.st.stm32cube.ide.mcu.externaltools.gnu-tools-for-stm32.12.3.rel1.win32_1.1.0.202410251130/tools/bin/../lib/gcc/arm-none-eabi/12.3.1/../../../../arm-none-eabi/lib/thumb/v7-m/nofp\libc_nano.a
LOAD C:/ST/STM32CubeIDE_1.17.0/STM32CubeIDE/plugins/com.st.stm32cube.ide.mcu.externaltools.gnu-tools-for-stm32.12.3.rel1.win32_1.1.0.202410251130/tools/bin/../lib/gcc/arm-none-eabi/12.3.1/../../../../arm-none-eabi/lib/thumb/v7-m/nofp\libnosys.a
END GROUP
START GROUP
LOAD C:/ST/STM32CubeIDE_1.17.0/STM32CubeIDE/plugins/com.st.stm32cube.ide.mcu.externaltools.gnu-tools-for-stm32.12.3.rel1.win32_1.1.0.202410251130/tools/bin/../lib/gcc/arm-none-eabi/12.3.1/thumb/v7-m/nofp\libgcc.a
LOAD C:/ST/STM32CubeIDE_1.17.0/STM32CubeIDE/plugins/com.st.stm32cube.ide.mcu.externaltools.gnu-tools-for-stm32.12.3.rel1.win32_1.1.0.202410251130/tools/bin/../lib/gcc/arm-none-eabi/12.3.1/../../../../arm-none-eabi/lib/thumb/v7-m/nofp\libc_nano.a
LOAD C:/ST/STM32CubeIDE_1.17.0/STM32CubeIDE/plugins/com.st.stm32cube.ide.mcu.externaltools.gnu-tools-for-stm32.12.3.rel1.win32_1.1.0.202410251130/tools/bin/../lib/gcc/arm-none-eabi/12.3.1/../../../../arm-none-eabi/lib/thumb/v7-m/nofp\libnosys.a
END GROUP
LOAD C:/ST/STM32CubeIDE_1.17.0/STM32CubeIDE/plugins/com.st.stm32cube.ide.mcu.externaltools.gnu-tools-for-stm32.12.3.rel1.win32_1.1.0.202410251130/tools/bin/../lib/gcc/arm-none-eabi/12.3.1/thumb/v7-m/nofp/crtend.o
LOAD C:/ST/STM32CubeIDE_1.17.0/STM32CubeIDE/plugins/com.st.stm32cube.ide.mcu.externaltools.gnu-tools-for-stm32.12.3.rel1.win32_1.1.0.202410251130/tools/bin/../lib/gcc/arm-none-eabi/12.3.1/thumb/v7-m/nofp/crtn.o
                0x20005000                        _estack = (ORIGIN (RAM) + LENGTH (RAM))
                0x00000200                        _Min_Heap_Size = 0x200
                0x00000400                        _Min_Stack_Size = 0x400

.isr_vector     0x08000000      0x10c
                0x08000000                        . = ALIGN (0x4)
 *(.isr_vector)
 .isr_vector    0x08000000      0x10c ./Core/Startup/startup_stm32f103c8tx.o
                0x08000000                g_pfnVectors
                0x0800010c                        . = ALIGN (0x4)

.text           0x08000110     0xb3d4
                0x08000110                        . = ALIGN (0x4)
 *(.text)
 .text          0x08000110       0x40 C:/ST/STM32CubeIDE_1.17.0/STM32CubeIDE/plugins/com.st.stm32cube.ide.mcu.externaltools.gnu-tools-for-stm32.12.3.rel1.win32_1.1.0.202410251130/tools/bin/../lib/gcc/arm-none-eabi/12.3.1/thumb/v7-m/nofp/crtbegin.o
 .text          0x08000150       0x10 C:/ST/STM32CubeIDE_1.17.0/STM32CubeIDE/plugins/com.st.stm32cube.ide.mcu.externaltools.gnu-tools-for-stm32.12.3.rel1.win32_1.1.0.202410251130/tools/bin/../lib/gcc/arm-none-eabi/12.3.1/../../../../arm-none-eabi/lib/thumb/v7-m/nofp\libc_nano.a(libc_a-strlen.o)
                0x08000150                strlen
 .text          0x08000160      0x378 C:/ST/STM32CubeIDE_1.17.0/STM32CubeIDE/plugins/com.st.stm32cube.ide.mcu.externaltools.gnu-tools-for-stm32.12.3.rel1.win32_1.1.0.202410251130/tools/bin/../lib/gcc/arm-none-eabi/12.3.1/thumb/v7-m/nofp\libgcc.a(_arm_addsubdf3.o)
                0x08000160                __aeabi_drsub
                0x08000168                __aeabi_dsub
                0x08000168                __subdf3
                0x0800016c                __aeabi_dadd
                0x0800016c                __adddf3
                0x080003e4                __floatunsidf
                0x080003e4                __aeabi_ui2d
                0x08000404                __floatsidf
                0x08000404                __aeabi_i2d
                0x08000428                __aeabi_f2d
                0x08000428                __extendsfdf2
                0x0800046c                __floatundidf
                0x0800046c                __aeabi_ul2d
                0x0800047c                __floatdidf
                0x0800047c                __aeabi_l2d
 .text          0x080004d8      0x424 C:/ST/STM32CubeIDE_1.17.0/STM32CubeIDE/plugins/com.st.stm32cube.ide.mcu.externaltools.gnu-tools-for-stm32.12.3.rel1.win32_1.1.0.202410251130/tools/bin/../lib/gcc/arm-none-eabi/12.3.1/thumb/v7-m/nofp\libgcc.a(_arm_muldivdf3.o)
                0x080004d8                __aeabi_dmul
                0x080004d8                __muldf3
                0x0800072c                __divdf3
                0x0800072c                __aeabi_ddiv
 .text          0x080008fc       0xa0 C:/ST/STM32CubeIDE_1.17.0/STM32CubeIDE/plugins/com.st.stm32cube.ide.mcu.externaltools.gnu-tools-for-stm32.12.3.rel1.win32_1.1.0.202410251130/tools/bin/../lib/gcc/arm-none-eabi/12.3.1/thumb/v7-m/nofp\libgcc.a(_arm_truncdfsf2.o)
                0x080008fc                __truncdfsf2
                0x080008fc                __aeabi_d2f
 .text          0x0800099c       0x40 C:/ST/STM32CubeIDE_1.17.0/STM32CubeIDE/plugins/com.st.stm32cube.ide.mcu.externaltools.gnu-tools-for-stm32.12.3.rel1.win32_1.1.0.202410251130/tools/bin/../lib/gcc/arm-none-eabi/12.3.1/thumb/v7-m/nofp\libgcc.a(_arm_fixunssfsi.o)
                0x0800099c                __fixunssfsi
                0x0800099c                __aeabi_f2uiz
 *(.text*)
 .text.PCA9685_SetBit
                0x080009dc       0x94 ./Core/Src/main.o
                0x080009dc                PCA9685_SetBit
 .text.PCA9685_SetPWMFrequency
                0x08000a70       0x7c ./Core/Src/main.o
                0x08000a70                PCA9685_SetPWMFrequency
 .text.PCA9685_Init
                0x08000aec       0x24 ./Core/Src/main.o
                0x08000aec                PCA9685_Init
 .text.PCA9685_SetPWM
                0x08000b10       0x64 ./Core/Src/main.o
                0x08000b10                PCA9685_SetPWM
 *fill*         0x08000b74        0x4 
 .text.PCA9685_SetServoAngle
                0x08000b78       0x84 ./Core/Src/main.o
                0x08000b78                PCA9685_SetServoAngle
 .text.MapPowerToPulse
                0x08000bfc       0x32 ./Core/Src/main.o
                0x08000bfc                MapPowerToPulse
 .text.SendFeedback
                0x08000c2e       0x20 ./Core/Src/main.o
                0x08000c2e                SendFeedback
 *fill*         0x08000c4e        0x2 
 .text.Single_Esc_Control
                0x08000c50       0x98 ./Core/Src/main.o
                0x08000c50                Single_Esc_Control
 .text.Batch_Esc_Control
                0x08000ce8       0xc8 ./Core/Src/main.o
                0x08000ce8                Batch_Esc_Control
 .text.Burst_Esc_Control
                0x08000db0       0xc0 ./Core/Src/main.o
                0x08000db0                Burst_Esc_Control
 .text.Control_Command_Handler
                0x08000e70       0xd8 ./Core/Src/main.o
                0x08000e70                Control_Command_Handler
 .text.main     0x08000f48      0x128 ./Core/Src/main.o
                0x08000f48                main
 .text.SystemClock_Config
                0x08001070       0xb4 ./Core/Src/main.o
                0x08001070                SystemClock_Config
 .text.MX_I2C1_Init
                0x08001124       0x5c ./Core/Src/main.o
 .text.MX_TIM1_Init
                0x08001180       0xc4 ./Core/Src/main.o
 .text.MX_TIM2_Init
                0x08001244       0xf4 ./Core/Src/main.o
 .text.MX_TIM3_Init
                0x08001338       0xe8 ./Core/Src/main.o
 .text.MX_TIM4_Init
                0x08001420       0xbc ./Core/Src/main.o
 .text.MX_USART3_UART_Init
                0x080014dc       0x54 ./Core/Src/main.o
 .text.MX_GPIO_Init
                0x08001530       0xcc ./Core/Src/main.o
 .text.Error_Handler
                0x080015fc        0xc ./Core/Src/main.o
                0x080015fc                Error_Handler
 .text.HAL_MspInit
                0x08001608       0x64 ./Core/Src/stm32f1xx_hal_msp.o
                0x08001608                HAL_MspInit
 .text.HAL_I2C_MspInit
                0x0800166c       0x7c ./Core/Src/stm32f1xx_hal_msp.o
                0x0800166c                HAL_I2C_MspInit
 .text.HAL_TIM_IC_MspInit
                0x080016e8      0x164 ./Core/Src/stm32f1xx_hal_msp.o
                0x080016e8                HAL_TIM_IC_MspInit
 .text.HAL_TIM_PWM_MspInit
                0x0800184c       0x38 ./Core/Src/stm32f1xx_hal_msp.o
                0x0800184c                HAL_TIM_PWM_MspInit
 .text.HAL_TIM_MspPostInit
                0x08001884       0x60 ./Core/Src/stm32f1xx_hal_msp.o
                0x08001884                HAL_TIM_MspPostInit
 .text.HAL_UART_MspInit
                0x080018e4       0x98 ./Core/Src/stm32f1xx_hal_msp.o
                0x080018e4                HAL_UART_MspInit
 .text.NMI_Handler
                0x0800197c        0x8 ./Core/Src/stm32f1xx_it.o
                0x0800197c                NMI_Handler
 .text.HardFault_Handler
                0x08001984        0x8 ./Core/Src/stm32f1xx_it.o
                0x08001984                HardFault_Handler
 .text.MemManage_Handler
                0x0800198c        0x8 ./Core/Src/stm32f1xx_it.o
                0x0800198c                MemManage_Handler
 .text.BusFault_Handler
                0x08001994        0x8 ./Core/Src/stm32f1xx_it.o
                0x08001994                BusFault_Handler
 .text.UsageFault_Handler
                0x0800199c        0x8 ./Core/Src/stm32f1xx_it.o
                0x0800199c                UsageFault_Handler
 .text.SVC_Handler
                0x080019a4        0xc ./Core/Src/stm32f1xx_it.o
                0x080019a4                SVC_Handler
 .text.DebugMon_Handler
                0x080019b0        0xc ./Core/Src/stm32f1xx_it.o
                0x080019b0                DebugMon_Handler
 .text.PendSV_Handler
                0x080019bc        0xc ./Core/Src/stm32f1xx_it.o
                0x080019bc                PendSV_Handler
 .text.SysTick_Handler
                0x080019c8        0xc ./Core/Src/stm32f1xx_it.o
                0x080019c8                SysTick_Handler
 .text.USB_LP_CAN1_RX0_IRQHandler
                0x080019d4       0x14 ./Core/Src/stm32f1xx_it.o
                0x080019d4                USB_LP_CAN1_RX0_IRQHandler
 .text._sbrk    0x080019e8       0x6c ./Core/Src/sysmem.o
                0x080019e8                _sbrk
 .text.SystemInit
                0x08001a54        0xc ./Core/Src/system_stm32f1xx.o
                0x08001a54                SystemInit
 .text.Reset_Handler
                0x08001a60       0x48 ./Core/Startup/startup_stm32f103c8tx.o
                0x08001a60                Reset_Handler
 .text.Default_Handler
                0x08001aa8        0x2 ./Core/Startup/startup_stm32f103c8tx.o
                0x08001aa8                RTC_Alarm_IRQHandler
                0x08001aa8                EXTI2_IRQHandler
                0x08001aa8                TIM1_CC_IRQHandler
                0x08001aa8                PVD_IRQHandler
                0x08001aa8                EXTI3_IRQHandler
                0x08001aa8                EXTI0_IRQHandler
                0x08001aa8                I2C2_EV_IRQHandler
                0x08001aa8                ADC1_2_IRQHandler
                0x08001aa8                SPI1_IRQHandler
                0x08001aa8                TAMPER_IRQHandler
                0x08001aa8                DMA1_Channel4_IRQHandler
                0x08001aa8                USART3_IRQHandler
                0x08001aa8                RTC_IRQHandler
                0x08001aa8                DMA1_Channel7_IRQHandler
                0x08001aa8                CAN1_RX1_IRQHandler
                0x08001aa8                TIM4_IRQHandler
                0x08001aa8                I2C1_EV_IRQHandler
                0x08001aa8                DMA1_Channel6_IRQHandler
                0x08001aa8                TIM3_IRQHandler
                0x08001aa8                RCC_IRQHandler
                0x08001aa8                TIM1_TRG_COM_IRQHandler
                0x08001aa8                DMA1_Channel1_IRQHandler
                0x08001aa8                Default_Handler
                0x08001aa8                EXTI15_10_IRQHandler
                0x08001aa8                EXTI9_5_IRQHandler
                0x08001aa8                SPI2_IRQHandler
                0x08001aa8                DMA1_Channel5_IRQHandler
                0x08001aa8                EXTI4_IRQHandler
                0x08001aa8                USB_HP_CAN1_TX_IRQHandler
                0x08001aa8                DMA1_Channel3_IRQHandler
                0x08001aa8                TIM1_UP_IRQHandler
                0x08001aa8                WWDG_IRQHandler
                0x08001aa8                TIM2_IRQHandler
                0x08001aa8                TIM1_BRK_IRQHandler
                0x08001aa8                EXTI1_IRQHandler
                0x08001aa8                USART2_IRQHandler
                0x08001aa8                I2C2_ER_IRQHandler
                0x08001aa8                DMA1_Channel2_IRQHandler
                0x08001aa8                CAN1_SCE_IRQHandler
                0x08001aa8                FLASH_IRQHandler
                0x08001aa8                USART1_IRQHandler
                0x08001aa8                I2C1_ER_IRQHandler
                0x08001aa8                USBWakeUp_IRQHandler
 *fill*         0x08001aaa        0x2 
 .text.HAL_Init
                0x08001aac       0x2c ./Drivers/STM32F1xx_HAL_Driver/Src/stm32f1xx_hal.o
                0x08001aac                HAL_Init
 .text.HAL_InitTick
                0x08001ad8       0x60 ./Drivers/STM32F1xx_HAL_Driver/Src/stm32f1xx_hal.o
                0x08001ad8                HAL_InitTick
 .text.HAL_IncTick
                0x08001b38       0x24 ./Drivers/STM32F1xx_HAL_Driver/Src/stm32f1xx_hal.o
                0x08001b38                HAL_IncTick
 .text.HAL_GetTick
                0x08001b5c       0x14 ./Drivers/STM32F1xx_HAL_Driver/Src/stm32f1xx_hal.o
                0x08001b5c                HAL_GetTick
 .text.HAL_Delay
                0x08001b70       0x48 ./Drivers/STM32F1xx_HAL_Driver/Src/stm32f1xx_hal.o
                0x08001b70                HAL_Delay
 .text.__NVIC_SetPriorityGrouping
                0x08001bb8       0x48 ./Drivers/STM32F1xx_HAL_Driver/Src/stm32f1xx_hal_cortex.o
 .text.__NVIC_GetPriorityGrouping
                0x08001c00       0x1c ./Drivers/STM32F1xx_HAL_Driver/Src/stm32f1xx_hal_cortex.o
 .text.__NVIC_EnableIRQ
                0x08001c1c       0x38 ./Drivers/STM32F1xx_HAL_Driver/Src/stm32f1xx_hal_cortex.o
 .text.__NVIC_SetPriority
                0x08001c54       0x54 ./Drivers/STM32F1xx_HAL_Driver/Src/stm32f1xx_hal_cortex.o
 .text.NVIC_EncodePriority
                0x08001ca8       0x64 ./Drivers/STM32F1xx_HAL_Driver/Src/stm32f1xx_hal_cortex.o
 .text.SysTick_Config
                0x08001d0c       0x44 ./Drivers/STM32F1xx_HAL_Driver/Src/stm32f1xx_hal_cortex.o
 .text.HAL_NVIC_SetPriorityGrouping
                0x08001d50       0x16 ./Drivers/STM32F1xx_HAL_Driver/Src/stm32f1xx_hal_cortex.o
                0x08001d50                HAL_NVIC_SetPriorityGrouping
 .text.HAL_NVIC_SetPriority
                0x08001d66       0x38 ./Drivers/STM32F1xx_HAL_Driver/Src/stm32f1xx_hal_cortex.o
                0x08001d66                HAL_NVIC_SetPriority
 .text.HAL_NVIC_EnableIRQ
                0x08001d9e       0x1c ./Drivers/STM32F1xx_HAL_Driver/Src/stm32f1xx_hal_cortex.o
                0x08001d9e                HAL_NVIC_EnableIRQ
 .text.HAL_SYSTICK_Config
                0x08001dba       0x18 ./Drivers/STM32F1xx_HAL_Driver/Src/stm32f1xx_hal_cortex.o
                0x08001dba                HAL_SYSTICK_Config
 *fill*         0x08001dd2        0x2 
 .text.HAL_GPIO_Init
                0x08001dd4      0x308 ./Drivers/STM32F1xx_HAL_Driver/Src/stm32f1xx_hal_gpio.o
                0x08001dd4                HAL_GPIO_Init
 .text.HAL_GPIO_WritePin
                0x080020dc       0x30 ./Drivers/STM32F1xx_HAL_Driver/Src/stm32f1xx_hal_gpio.o
                0x080020dc                HAL_GPIO_WritePin
 .text.HAL_I2C_Init
                0x0800210c      0x288 ./Drivers/STM32F1xx_HAL_Driver/Src/stm32f1xx_hal_i2c.o
                0x0800210c                HAL_I2C_Init
 .text.HAL_I2C_Mem_Write
                0x08002394      0x1f4 ./Drivers/STM32F1xx_HAL_Driver/Src/stm32f1xx_hal_i2c.o
                0x08002394                HAL_I2C_Mem_Write
 .text.HAL_I2C_Mem_Read
                0x08002588      0x4e8 ./Drivers/STM32F1xx_HAL_Driver/Src/stm32f1xx_hal_i2c.o
                0x08002588                HAL_I2C_Mem_Read
 .text.I2C_RequestMemoryWrite
                0x08002a70      0x12c ./Drivers/STM32F1xx_HAL_Driver/Src/stm32f1xx_hal_i2c.o
 .text.I2C_RequestMemoryRead
                0x08002b9c      0x1d0 ./Drivers/STM32F1xx_HAL_Driver/Src/stm32f1xx_hal_i2c.o
 .text.I2C_WaitOnFlagUntilTimeout
                0x08002d6c       0xf4 ./Drivers/STM32F1xx_HAL_Driver/Src/stm32f1xx_hal_i2c.o
 .text.I2C_WaitOnMasterAddressFlagUntilTimeout
                0x08002e60      0x140 ./Drivers/STM32F1xx_HAL_Driver/Src/stm32f1xx_hal_i2c.o
 .text.I2C_WaitOnTXEFlagUntilTimeout
                0x08002fa0       0x90 ./Drivers/STM32F1xx_HAL_Driver/Src/stm32f1xx_hal_i2c.o
 .text.I2C_WaitOnBTFFlagUntilTimeout
                0x08003030       0x90 ./Drivers/STM32F1xx_HAL_Driver/Src/stm32f1xx_hal_i2c.o
 .text.I2C_WaitOnRXNEFlagUntilTimeout
                0x080030c0       0xba ./Drivers/STM32F1xx_HAL_Driver/Src/stm32f1xx_hal_i2c.o
 .text.I2C_IsAcknowledgeFailed
                0x0800317a       0x5c ./Drivers/STM32F1xx_HAL_Driver/Src/stm32f1xx_hal_i2c.o
 .text.HAL_PCD_Init
                0x080031d6      0x1ec ./Drivers/STM32F1xx_HAL_Driver/Src/stm32f1xx_hal_pcd.o
                0x080031d6                HAL_PCD_Init
 .text.HAL_PCD_Start
                0x080033c2       0x4c ./Drivers/STM32F1xx_HAL_Driver/Src/stm32f1xx_hal_pcd.o
                0x080033c2                HAL_PCD_Start
 .text.HAL_PCD_IRQHandler
                0x0800340e      0x260 ./Drivers/STM32F1xx_HAL_Driver/Src/stm32f1xx_hal_pcd.o
                0x0800340e                HAL_PCD_IRQHandler
 .text.HAL_PCD_SetAddress
                0x0800366e       0x48 ./Drivers/STM32F1xx_HAL_Driver/Src/stm32f1xx_hal_pcd.o
                0x0800366e                HAL_PCD_SetAddress
 .text.HAL_PCD_EP_Open
                0x080036b6       0xba ./Drivers/STM32F1xx_HAL_Driver/Src/stm32f1xx_hal_pcd.o
                0x080036b6                HAL_PCD_EP_Open
 .text.HAL_PCD_EP_Close
                0x08003770       0x90 ./Drivers/STM32F1xx_HAL_Driver/Src/stm32f1xx_hal_pcd.o
                0x08003770                HAL_PCD_EP_Close
 .text.HAL_PCD_EP_Receive
                0x08003800       0x62 ./Drivers/STM32F1xx_HAL_Driver/Src/stm32f1xx_hal_pcd.o
                0x08003800                HAL_PCD_EP_Receive
 .text.HAL_PCD_EP_GetRxCount
                0x08003862       0x2e ./Drivers/STM32F1xx_HAL_Driver/Src/stm32f1xx_hal_pcd.o
                0x08003862                HAL_PCD_EP_GetRxCount
 .text.HAL_PCD_EP_Transmit
                0x08003890       0x6e ./Drivers/STM32F1xx_HAL_Driver/Src/stm32f1xx_hal_pcd.o
                0x08003890                HAL_PCD_EP_Transmit
 .text.HAL_PCD_EP_SetStall
                0x080038fe       0xc0 ./Drivers/STM32F1xx_HAL_Driver/Src/stm32f1xx_hal_pcd.o
                0x080038fe                HAL_PCD_EP_SetStall
 .text.HAL_PCD_EP_ClrStall
                0x080039be       0xa8 ./Drivers/STM32F1xx_HAL_Driver/Src/stm32f1xx_hal_pcd.o
                0x080039be                HAL_PCD_EP_ClrStall
 .text.PCD_EP_ISR_Handler
                0x08003a66      0x79e ./Drivers/STM32F1xx_HAL_Driver/Src/stm32f1xx_hal_pcd.o
 .text.HAL_PCD_EP_DB_Receive
                0x08004204      0x21a ./Drivers/STM32F1xx_HAL_Driver/Src/stm32f1xx_hal_pcd.o
 .text.HAL_PCD_EP_DB_Transmit
                0x0800441e      0x7f4 ./Drivers/STM32F1xx_HAL_Driver/Src/stm32f1xx_hal_pcd.o
 .text.HAL_PCDEx_PMAConfig
                0x08004c12       0x84 ./Drivers/STM32F1xx_HAL_Driver/Src/stm32f1xx_hal_pcd_ex.o
                0x08004c12                HAL_PCDEx_PMAConfig
 *fill*         0x08004c96        0x2 
 .text.HAL_RCC_OscConfig
                0x08004c98      0x504 ./Drivers/STM32F1xx_HAL_Driver/Src/stm32f1xx_hal_rcc.o
                0x08004c98                HAL_RCC_OscConfig
 .text.HAL_RCC_ClockConfig
                0x0800519c      0x1d4 ./Drivers/STM32F1xx_HAL_Driver/Src/stm32f1xx_hal_rcc.o
                0x0800519c                HAL_RCC_ClockConfig
 .text.HAL_RCC_GetSysClockFreq
                0x08005370       0xa8 ./Drivers/STM32F1xx_HAL_Driver/Src/stm32f1xx_hal_rcc.o
                0x08005370                HAL_RCC_GetSysClockFreq
 .text.HAL_RCC_GetHCLKFreq
                0x08005418       0x14 ./Drivers/STM32F1xx_HAL_Driver/Src/stm32f1xx_hal_rcc.o
                0x08005418                HAL_RCC_GetHCLKFreq
 .text.HAL_RCC_GetPCLK1Freq
                0x0800542c       0x28 ./Drivers/STM32F1xx_HAL_Driver/Src/stm32f1xx_hal_rcc.o
                0x0800542c                HAL_RCC_GetPCLK1Freq
 .text.HAL_RCC_GetPCLK2Freq
                0x08005454       0x28 ./Drivers/STM32F1xx_HAL_Driver/Src/stm32f1xx_hal_rcc.o
                0x08005454                HAL_RCC_GetPCLK2Freq
 .text.RCC_Delay
                0x0800547c       0x3c ./Drivers/STM32F1xx_HAL_Driver/Src/stm32f1xx_hal_rcc.o
 .text.HAL_RCCEx_PeriphCLKConfig
                0x080054b8      0x16c ./Drivers/STM32F1xx_HAL_Driver/Src/stm32f1xx_hal_rcc_ex.o
                0x080054b8                HAL_RCCEx_PeriphCLKConfig
 .text.HAL_TIM_PWM_Init
                0x08005624       0x9e ./Drivers/STM32F1xx_HAL_Driver/Src/stm32f1xx_hal_tim.o
                0x08005624                HAL_TIM_PWM_Init
 *fill*         0x080056c2        0x2 
 .text.HAL_TIM_PWM_Start
                0x080056c4      0x144 ./Drivers/STM32F1xx_HAL_Driver/Src/stm32f1xx_hal_tim.o
                0x080056c4                HAL_TIM_PWM_Start
 .text.HAL_TIM_IC_Init
                0x08005808       0x9e ./Drivers/STM32F1xx_HAL_Driver/Src/stm32f1xx_hal_tim.o
                0x08005808                HAL_TIM_IC_Init
 .text.HAL_TIM_IC_ConfigChannel
                0x080058a6      0x138 ./Drivers/STM32F1xx_HAL_Driver/Src/stm32f1xx_hal_tim.o
                0x080058a6                HAL_TIM_IC_ConfigChannel
 *fill*         0x080059de        0x2 
 .text.HAL_TIM_PWM_ConfigChannel
                0x080059e0      0x184 ./Drivers/STM32F1xx_HAL_Driver/Src/stm32f1xx_hal_tim.o
                0x080059e0                HAL_TIM_PWM_ConfigChannel
 .text.TIM_Base_SetConfig
                0x08005b64       0xdc ./Drivers/STM32F1xx_HAL_Driver/Src/stm32f1xx_hal_tim.o
                0x08005b64                TIM_Base_SetConfig
 .text.TIM_OC1_SetConfig
                0x08005c40       0xcc ./Drivers/STM32F1xx_HAL_Driver/Src/stm32f1xx_hal_tim.o
 .text.TIM_OC2_SetConfig
                0x08005d0c       0xd4 ./Drivers/STM32F1xx_HAL_Driver/Src/stm32f1xx_hal_tim.o
                0x08005d0c                TIM_OC2_SetConfig
 .text.TIM_OC3_SetConfig
                0x08005de0       0xd4 ./Drivers/STM32F1xx_HAL_Driver/Src/stm32f1xx_hal_tim.o
 .text.TIM_OC4_SetConfig
                0x08005eb4       0x9c ./Drivers/STM32F1xx_HAL_Driver/Src/stm32f1xx_hal_tim.o
 .text.TIM_TI1_SetConfig
                0x08005f50       0xb4 ./Drivers/STM32F1xx_HAL_Driver/Src/stm32f1xx_hal_tim.o
                0x08005f50                TIM_TI1_SetConfig
 .text.TIM_TI2_SetConfig
                0x08006004       0x78 ./Drivers/STM32F1xx_HAL_Driver/Src/stm32f1xx_hal_tim.o
 .text.TIM_TI3_SetConfig
                0x0800607c       0x76 ./Drivers/STM32F1xx_HAL_Driver/Src/stm32f1xx_hal_tim.o
 .text.TIM_TI4_SetConfig
                0x080060f2       0x78 ./Drivers/STM32F1xx_HAL_Driver/Src/stm32f1xx_hal_tim.o
 .text.TIM_CCxChannelCmd
                0x0800616a       0x48 ./Drivers/STM32F1xx_HAL_Driver/Src/stm32f1xx_hal_tim.o
                0x0800616a                TIM_CCxChannelCmd
 *fill*         0x080061b2        0x2 
 .text.HAL_TIMEx_MasterConfigSynchronization
                0x080061b4       0xbc ./Drivers/STM32F1xx_HAL_Driver/Src/stm32f1xx_hal_tim_ex.o
                0x080061b4                HAL_TIMEx_MasterConfigSynchronization
 .text.HAL_UART_Init
                0x08006270       0xa0 ./Drivers/STM32F1xx_HAL_Driver/Src/stm32f1xx_hal_uart.o
                0x08006270                HAL_UART_Init
 .text.UART_SetConfig
                0x08006310      0x11c ./Drivers/STM32F1xx_HAL_Driver/Src/stm32f1xx_hal_uart.o
 .text.USB_CoreInit
                0x0800642c       0x1a ./Drivers/STM32F1xx_HAL_Driver/Src/stm32f1xx_ll_usb.o
                0x0800642c                USB_CoreInit
 .text.USB_EnableGlobalInt
                0x08006446       0x2c ./Drivers/STM32F1xx_HAL_Driver/Src/stm32f1xx_ll_usb.o
                0x08006446                USB_EnableGlobalInt
 .text.USB_DisableGlobalInt
                0x08006472       0x34 ./Drivers/STM32F1xx_HAL_Driver/Src/stm32f1xx_ll_usb.o
                0x08006472                USB_DisableGlobalInt
 .text.USB_SetCurrentMode
                0x080064a6       0x18 ./Drivers/STM32F1xx_HAL_Driver/Src/stm32f1xx_ll_usb.o
                0x080064a6                USB_SetCurrentMode
 .text.USB_DevInit
                0x080064be       0x3a ./Drivers/STM32F1xx_HAL_Driver/Src/stm32f1xx_ll_usb.o
                0x080064be                USB_DevInit
 .text.USB_ActivateEndpoint
                0x080064f8      0x780 ./Drivers/STM32F1xx_HAL_Driver/Src/stm32f1xx_ll_usb.o
                0x080064f8                USB_ActivateEndpoint
 .text.USB_DeactivateEndpoint
                0x08006c78      0x3d8 ./Drivers/STM32F1xx_HAL_Driver/Src/stm32f1xx_ll_usb.o
                0x08006c78                USB_DeactivateEndpoint
 .text.USB_EPStartXfer
                0x08007050     0x1762 ./Drivers/STM32F1xx_HAL_Driver/Src/stm32f1xx_ll_usb.o
                0x08007050                USB_EPStartXfer
 .text.USB_EPSetStall
                0x080087b2       0xa0 ./Drivers/STM32F1xx_HAL_Driver/Src/stm32f1xx_ll_usb.o
                0x080087b2                USB_EPSetStall
 .text.USB_EPClearStall
                0x08008852      0x15a ./Drivers/STM32F1xx_HAL_Driver/Src/stm32f1xx_ll_usb.o
                0x08008852                USB_EPClearStall
 .text.USB_SetDevAddress
                0x080089ac       0x26 ./Drivers/STM32F1xx_HAL_Driver/Src/stm32f1xx_ll_usb.o
                0x080089ac                USB_SetDevAddress
 .text.USB_DevConnect
                0x080089d2       0x14 ./Drivers/STM32F1xx_HAL_Driver/Src/stm32f1xx_ll_usb.o
                0x080089d2                USB_DevConnect
 .text.USB_DevDisconnect
                0x080089e6       0x14 ./Drivers/STM32F1xx_HAL_Driver/Src/stm32f1xx_ll_usb.o
                0x080089e6                USB_DevDisconnect
 .text.USB_ReadInterrupts
                0x080089fa       0x1e ./Drivers/STM32F1xx_HAL_Driver/Src/stm32f1xx_ll_usb.o
                0x080089fa                USB_ReadInterrupts
 .text.USB_EP0_OutStart
                0x08008a18       0x16 ./Drivers/STM32F1xx_HAL_Driver/Src/stm32f1xx_ll_usb.o
                0x08008a18                USB_EP0_OutStart
 .text.USB_WritePMA
                0x08008a2e       0x8a ./Drivers/STM32F1xx_HAL_Driver/Src/stm32f1xx_ll_usb.o
                0x08008a2e                USB_WritePMA
 .text.USB_ReadPMA
                0x08008ab8       0x9e ./Drivers/STM32F1xx_HAL_Driver/Src/stm32f1xx_ll_usb.o
                0x08008ab8                USB_ReadPMA
 .text.USBD_CDC_Init
                0x08008b56       0xf4 ./Middlewares/ST/STM32_USB_Device_Library/Class/CDC/Src/usbd_cdc.o
 .text.USBD_CDC_DeInit
                0x08008c4a       0x6e ./Middlewares/ST/STM32_USB_Device_Library/Class/CDC/Src/usbd_cdc.o
 .text.USBD_CDC_Setup
                0x08008cb8      0x146 ./Middlewares/ST/STM32_USB_Device_Library/Class/CDC/Src/usbd_cdc.o
 .text.USBD_CDC_DataIn
                0x08008dfe       0xa6 ./Middlewares/ST/STM32_USB_Device_Library/Class/CDC/Src/usbd_cdc.o
 .text.USBD_CDC_DataOut
                0x08008ea4       0x56 ./Middlewares/ST/STM32_USB_Device_Library/Class/CDC/Src/usbd_cdc.o
 .text.USBD_CDC_EP0_RxReady
                0x08008efa       0x4e ./Middlewares/ST/STM32_USB_Device_Library/Class/CDC/Src/usbd_cdc.o
 .text.USBD_CDC_GetFSCfgDesc
                0x08008f48       0x20 ./Middlewares/ST/STM32_USB_Device_Library/Class/CDC/Src/usbd_cdc.o
 .text.USBD_CDC_GetHSCfgDesc
                0x08008f68       0x20 ./Middlewares/ST/STM32_USB_Device_Library/Class/CDC/Src/usbd_cdc.o
 .text.USBD_CDC_GetOtherSpeedCfgDesc
                0x08008f88       0x20 ./Middlewares/ST/STM32_USB_Device_Library/Class/CDC/Src/usbd_cdc.o
 .text.USBD_CDC_GetDeviceQualifierDescriptor
                0x08008fa8       0x20 ./Middlewares/ST/STM32_USB_Device_Library/Class/CDC/Src/usbd_cdc.o
                0x08008fa8                USBD_CDC_GetDeviceQualifierDescriptor
 .text.USBD_CDC_RegisterInterface
                0x08008fc8       0x2c ./Middlewares/ST/STM32_USB_Device_Library/Class/CDC/Src/usbd_cdc.o
                0x08008fc8                USBD_CDC_RegisterInterface
 .text.USBD_CDC_SetTxBuffer
                0x08008ff4       0x32 ./Middlewares/ST/STM32_USB_Device_Library/Class/CDC/Src/usbd_cdc.o
                0x08008ff4                USBD_CDC_SetTxBuffer
 .text.USBD_CDC_SetRxBuffer
                0x08009026       0x26 ./Middlewares/ST/STM32_USB_Device_Library/Class/CDC/Src/usbd_cdc.o
                0x08009026                USBD_CDC_SetRxBuffer
 .text.USBD_CDC_TransmitPacket
                0x0800904c       0x5e ./Middlewares/ST/STM32_USB_Device_Library/Class/CDC/Src/usbd_cdc.o
                0x0800904c                USBD_CDC_TransmitPacket
 .text.USBD_CDC_ReceivePacket
                0x080090aa       0x54 ./Middlewares/ST/STM32_USB_Device_Library/Class/CDC/Src/usbd_cdc.o
                0x080090aa                USBD_CDC_ReceivePacket
 .text.USBD_Init
                0x080090fe       0x56 ./Middlewares/ST/STM32_USB_Device_Library/Core/Src/usbd_core.o
                0x080090fe                USBD_Init
 .text.USBD_RegisterClass
                0x08009154       0x32 ./Middlewares/ST/STM32_USB_Device_Library/Core/Src/usbd_core.o
                0x08009154                USBD_RegisterClass
 .text.USBD_Start
                0x08009186       0x18 ./Middlewares/ST/STM32_USB_Device_Library/Core/Src/usbd_core.o
                0x08009186                USBD_Start
 .text.USBD_RunTestMode
                0x0800919e       0x14 ./Middlewares/ST/STM32_USB_Device_Library/Core/Src/usbd_core.o
                0x0800919e                USBD_RunTestMode
 .text.USBD_SetClassConfig
                0x080091b2       0x3e ./Middlewares/ST/STM32_USB_Device_Library/Core/Src/usbd_core.o
                0x080091b2                USBD_SetClassConfig
 .text.USBD_ClrClassConfig
                0x080091f0       0x26 ./Middlewares/ST/STM32_USB_Device_Library/Core/Src/usbd_core.o
                0x080091f0                USBD_ClrClassConfig
 .text.USBD_LL_SetupStage
                0x08009216       0x9a ./Middlewares/ST/STM32_USB_Device_Library/Core/Src/usbd_core.o
                0x08009216                USBD_LL_SetupStage
 .text.USBD_LL_DataOutStage
                0x080092b0       0xe2 ./Middlewares/ST/STM32_USB_Device_Library/Core/Src/usbd_core.o
                0x080092b0                USBD_LL_DataOutStage
 .text.USBD_LL_DataInStage
                0x08009392      0x14a ./Middlewares/ST/STM32_USB_Device_Library/Core/Src/usbd_core.o
                0x08009392                USBD_LL_DataInStage
 .text.USBD_LL_Reset
                0x080094dc       0x82 ./Middlewares/ST/STM32_USB_Device_Library/Core/Src/usbd_core.o
                0x080094dc                USBD_LL_Reset
 .text.USBD_LL_SetSpeed
                0x0800955e       0x1e ./Middlewares/ST/STM32_USB_Device_Library/Core/Src/usbd_core.o
                0x0800955e                USBD_LL_SetSpeed
 .text.USBD_LL_Suspend
                0x0800957c       0x28 ./Middlewares/ST/STM32_USB_Device_Library/Core/Src/usbd_core.o
                0x0800957c                USBD_LL_Suspend
 .text.USBD_LL_Resume
                0x080095a4       0x2a ./Middlewares/ST/STM32_USB_Device_Library/Core/Src/usbd_core.o
                0x080095a4                USBD_LL_Resume
 .text.USBD_LL_SOF
                0x080095ce       0x34 ./Middlewares/ST/STM32_USB_Device_Library/Core/Src/usbd_core.o
                0x080095ce                USBD_LL_SOF
 *fill*         0x08009602        0x2 
 .text.USBD_StdDevReq
                0x08009604       0xd4 ./Middlewares/ST/STM32_USB_Device_Library/Core/Src/usbd_ctlreq.o
                0x08009604                USBD_StdDevReq
 .text.USBD_StdItfReq
                0x080096d8       0x90 ./Middlewares/ST/STM32_USB_Device_Library/Core/Src/usbd_ctlreq.o
                0x080096d8                USBD_StdItfReq
 .text.USBD_StdEPReq
                0x08009768      0x2c6 ./Middlewares/ST/STM32_USB_Device_Library/Core/Src/usbd_ctlreq.o
                0x08009768                USBD_StdEPReq
 *fill*         0x08009a2e        0x2 
 .text.USBD_GetDescriptor
                0x08009a30      0x2d0 ./Middlewares/ST/STM32_USB_Device_Library/Core/Src/usbd_ctlreq.o
 .text.USBD_SetAddress
                0x08009d00       0x86 ./Middlewares/ST/STM32_USB_Device_Library/Core/Src/usbd_ctlreq.o
 *fill*         0x08009d86        0x2 
 .text.USBD_SetConfig
                0x08009d88      0x11c ./Middlewares/ST/STM32_USB_Device_Library/Core/Src/usbd_ctlreq.o
 .text.USBD_GetConfig
                0x08009ea4       0x6a ./Middlewares/ST/STM32_USB_Device_Library/Core/Src/usbd_ctlreq.o
 .text.USBD_GetStatus
                0x08009f0e       0x66 ./Middlewares/ST/STM32_USB_Device_Library/Core/Src/usbd_ctlreq.o
 .text.USBD_SetFeature
                0x08009f74       0x28 ./Middlewares/ST/STM32_USB_Device_Library/Core/Src/usbd_ctlreq.o
 .text.USBD_ClrFeature
                0x08009f9c       0x42 ./Middlewares/ST/STM32_USB_Device_Library/Core/Src/usbd_ctlreq.o
 .text.USBD_ParseSetupRequest
                0x08009fde       0x72 ./Middlewares/ST/STM32_USB_Device_Library/Core/Src/usbd_ctlreq.o
                0x08009fde                USBD_ParseSetupRequest
 .text.USBD_CtlError
                0x0800a050       0x22 ./Middlewares/ST/STM32_USB_Device_Library/Core/Src/usbd_ctlreq.o
                0x0800a050                USBD_CtlError
 .text.USBD_GetString
                0x0800a072       0x84 ./Middlewares/ST/STM32_USB_Device_Library/Core/Src/usbd_ctlreq.o
                0x0800a072                USBD_GetString
 .text.USBD_GetLen
                0x0800a0f6       0x2e ./Middlewares/ST/STM32_USB_Device_Library/Core/Src/usbd_ctlreq.o
 .text.USBD_CtlSendData
                0x0800a124       0x38 ./Middlewares/ST/STM32_USB_Device_Library/Core/Src/usbd_ioreq.o
                0x0800a124                USBD_CtlSendData
 .text.USBD_CtlContinueSendData
                0x0800a15c       0x24 ./Middlewares/ST/STM32_USB_Device_Library/Core/Src/usbd_ioreq.o
                0x0800a15c                USBD_CtlContinueSendData
 .text.USBD_CtlPrepareRx
                0x0800a180       0x3c ./Middlewares/ST/STM32_USB_Device_Library/Core/Src/usbd_ioreq.o
                0x0800a180                USBD_CtlPrepareRx
 .text.USBD_CtlContinueRx
                0x0800a1bc       0x24 ./Middlewares/ST/STM32_USB_Device_Library/Core/Src/usbd_ioreq.o
                0x0800a1bc                USBD_CtlContinueRx
 .text.USBD_CtlSendStatus
                0x0800a1e0       0x26 ./Middlewares/ST/STM32_USB_Device_Library/Core/Src/usbd_ioreq.o
                0x0800a1e0                USBD_CtlSendStatus
 .text.USBD_CtlReceiveStatus
                0x0800a206       0x26 ./Middlewares/ST/STM32_USB_Device_Library/Core/Src/usbd_ioreq.o
                0x0800a206                USBD_CtlReceiveStatus
 .text.MX_USB_DEVICE_Init
                0x0800a22c       0x60 ./USB_DEVICE/App/usb_device.o
                0x0800a22c                MX_USB_DEVICE_Init
 .text.CDC_Init_FS
                0x0800a28c       0x28 ./USB_DEVICE/App/usbd_cdc_if.o
 .text.CDC_DeInit_FS
                0x0800a2b4        0xe ./USB_DEVICE/App/usbd_cdc_if.o
 *fill*         0x0800a2c2        0x2 
 .text.CDC_Control_FS
                0x0800a2c4       0xbc ./USB_DEVICE/App/usbd_cdc_if.o
 .text.CDC_Receive_FS
                0x0800a380       0x30 ./USB_DEVICE/App/usbd_cdc_if.o
 .text.CDC_Transmit_FS
                0x0800a3b0       0x4c ./USB_DEVICE/App/usbd_cdc_if.o
                0x0800a3b0                CDC_Transmit_FS
 .text.USBD_FS_DeviceDescriptor
                0x0800a3fc       0x24 ./USB_DEVICE/App/usbd_desc.o
                0x0800a3fc                USBD_FS_DeviceDescriptor
 .text.USBD_FS_LangIDStrDescriptor
                0x0800a420       0x24 ./USB_DEVICE/App/usbd_desc.o
                0x0800a420                USBD_FS_LangIDStrDescriptor
 .text.USBD_FS_ProductStrDescriptor
                0x0800a444       0x3c ./USB_DEVICE/App/usbd_desc.o
                0x0800a444                USBD_FS_ProductStrDescriptor
 .text.USBD_FS_ManufacturerStrDescriptor
                0x0800a480       0x28 ./USB_DEVICE/App/usbd_desc.o
                0x0800a480                USBD_FS_ManufacturerStrDescriptor
 .text.USBD_FS_SerialStrDescriptor
                0x0800a4a8       0x24 ./USB_DEVICE/App/usbd_desc.o
                0x0800a4a8                USBD_FS_SerialStrDescriptor
 .text.USBD_FS_ConfigStrDescriptor
                0x0800a4cc       0x3c ./USB_DEVICE/App/usbd_desc.o
                0x0800a4cc                USBD_FS_ConfigStrDescriptor
 .text.USBD_FS_InterfaceStrDescriptor
                0x0800a508       0x3c ./USB_DEVICE/App/usbd_desc.o
                0x0800a508                USBD_FS_InterfaceStrDescriptor
 .text.Get_SerialNum
                0x0800a544       0x58 ./USB_DEVICE/App/usbd_desc.o
 .text.IntToUnicode
                0x0800a59c       0x7c ./USB_DEVICE/App/usbd_desc.o
 .text.HAL_PCD_MspInit
                0x0800a618       0x4c ./USB_DEVICE/Target/usbd_conf.o
                0x0800a618                HAL_PCD_MspInit
 .text.HAL_PCD_SetupStageCallback
                0x0800a664       0x24 ./USB_DEVICE/Target/usbd_conf.o
                0x0800a664                HAL_PCD_SetupStageCallback
 .text.HAL_PCD_DataOutStageCallback
                0x0800a688       0x36 ./USB_DEVICE/Target/usbd_conf.o
                0x0800a688                HAL_PCD_DataOutStageCallback
 .text.HAL_PCD_DataInStageCallback
                0x0800a6be       0x34 ./USB_DEVICE/Target/usbd_conf.o
                0x0800a6be                HAL_PCD_DataInStageCallback
 .text.HAL_PCD_SOFCallback
                0x0800a6f2       0x1c ./USB_DEVICE/Target/usbd_conf.o
                0x0800a6f2                HAL_PCD_SOFCallback
 .text.HAL_PCD_ResetCallback
                0x0800a70e       0x3c ./USB_DEVICE/Target/usbd_conf.o
                0x0800a70e                HAL_PCD_ResetCallback
 *fill*         0x0800a74a        0x2 
 .text.HAL_PCD_SuspendCallback
                0x0800a74c       0x34 ./USB_DEVICE/Target/usbd_conf.o
                0x0800a74c                HAL_PCD_SuspendCallback
 .text.HAL_PCD_ResumeCallback
                0x0800a780       0x1c ./USB_DEVICE/Target/usbd_conf.o
                0x0800a780                HAL_PCD_ResumeCallback
 .text.USBD_LL_Init
                0x0800a79c       0xb4 ./USB_DEVICE/Target/usbd_conf.o
                0x0800a79c                USBD_LL_Init
 .text.USBD_LL_Start
                0x0800a850       0x36 ./USB_DEVICE/Target/usbd_conf.o
                0x0800a850                USBD_LL_Start
 .text.USBD_LL_OpenEP
                0x0800a886       0x4c ./USB_DEVICE/Target/usbd_conf.o
                0x0800a886                USBD_LL_OpenEP
 .text.USBD_LL_CloseEP
                0x0800a8d2       0x3e ./USB_DEVICE/Target/usbd_conf.o
                0x0800a8d2                USBD_LL_CloseEP
 .text.USBD_LL_StallEP
                0x0800a910       0x3e ./USB_DEVICE/Target/usbd_conf.o
                0x0800a910                USBD_LL_StallEP
 .text.USBD_LL_ClearStallEP
                0x0800a94e       0x3e ./USB_DEVICE/Target/usbd_conf.o
                0x0800a94e                USBD_LL_ClearStallEP
 .text.USBD_LL_IsStallEP
                0x0800a98c       0x56 ./USB_DEVICE/Target/usbd_conf.o
                0x0800a98c                USBD_LL_IsStallEP
 .text.USBD_LL_SetUSBAddress
                0x0800a9e2       0x3e ./USB_DEVICE/Target/usbd_conf.o
                0x0800a9e2                USBD_LL_SetUSBAddress
 .text.USBD_LL_Transmit
                0x0800aa20       0x46 ./USB_DEVICE/Target/usbd_conf.o
                0x0800aa20                USBD_LL_Transmit
 .text.USBD_LL_PrepareReceive
                0x0800aa66       0x46 ./USB_DEVICE/Target/usbd_conf.o
                0x0800aa66                USBD_LL_PrepareReceive
 .text.USBD_LL_GetRxDataSize
                0x0800aaac       0x26 ./USB_DEVICE/Target/usbd_conf.o
                0x0800aaac                USBD_LL_GetRxDataSize
 *fill*         0x0800aad2        0x2 
 .text.USBD_static_malloc
                0x0800aad4       0x18 ./USB_DEVICE/Target/usbd_conf.o
                0x0800aad4                USBD_static_malloc
 .text.USBD_static_free
                0x0800aaec       0x12 ./USB_DEVICE/Target/usbd_conf.o
                0x0800aaec                USBD_static_free
 .text.HAL_PCDEx_SetConnectionState
                0x0800aafe       0x16 ./USB_DEVICE/Target/usbd_conf.o
                0x0800aafe                HAL_PCDEx_SetConnectionState
 .text.USBD_Get_USB_Status
                0x0800ab14       0x58 ./USB_DEVICE/Target/usbd_conf.o
 .text.sprintf  0x0800ab6c       0x40 C:/ST/STM32CubeIDE_1.17.0/STM32CubeIDE/plugins/com.st.stm32cube.ide.mcu.externaltools.gnu-tools-for-stm32.12.3.rel1.win32_1.1.0.202410251130/tools/bin/../lib/gcc/arm-none-eabi/12.3.1/../../../../arm-none-eabi/lib/thumb/v7-m/nofp\libc_nano.a(libc_a-sprintf.o)
                0x0800ab6c                siprintf
                0x0800ab6c                sprintf
 .text.memset   0x0800abac       0x10 C:/ST/STM32CubeIDE_1.17.0/STM32CubeIDE/plugins/com.st.stm32cube.ide.mcu.externaltools.gnu-tools-for-stm32.12.3.rel1.win32_1.1.0.202410251130/tools/bin/../lib/gcc/arm-none-eabi/12.3.1/../../../../arm-none-eabi/lib/thumb/v7-m/nofp\libc_nano.a(libc_a-memset.o)
                0x0800abac                memset
 .text.__errno  0x0800abbc        0xc C:/ST/STM32CubeIDE_1.17.0/STM32CubeIDE/plugins/com.st.stm32cube.ide.mcu.externaltools.gnu-tools-for-stm32.12.3.rel1.win32_1.1.0.202410251130/tools/bin/../lib/gcc/arm-none-eabi/12.3.1/../../../../arm-none-eabi/lib/thumb/v7-m/nofp\libc_nano.a(libc_a-errno.o)
                0x0800abbc                __errno
 .text.__libc_init_array
                0x0800abc8       0x48 C:/ST/STM32CubeIDE_1.17.0/STM32CubeIDE/plugins/com.st.stm32cube.ide.mcu.externaltools.gnu-tools-for-stm32.12.3.rel1.win32_1.1.0.202410251130/tools/bin/../lib/gcc/arm-none-eabi/12.3.1/../../../../arm-none-eabi/lib/thumb/v7-m/nofp\libc_nano.a(libc_a-init.o)
                0x0800abc8                __libc_init_array
 .text.__retarget_lock_acquire_recursive
                0x0800ac10        0x2 C:/ST/STM32CubeIDE_1.17.0/STM32CubeIDE/plugins/com.st.stm32cube.ide.mcu.externaltools.gnu-tools-for-stm32.12.3.rel1.win32_1.1.0.202410251130/tools/bin/../lib/gcc/arm-none-eabi/12.3.1/../../../../arm-none-eabi/lib/thumb/v7-m/nofp\libc_nano.a(libc_a-lock.o)
                0x0800ac10                __retarget_lock_acquire_recursive
 .text.__retarget_lock_release_recursive
                0x0800ac12        0x2 C:/ST/STM32CubeIDE_1.17.0/STM32CubeIDE/plugins/com.st.stm32cube.ide.mcu.externaltools.gnu-tools-for-stm32.12.3.rel1.win32_1.1.0.202410251130/tools/bin/../lib/gcc/arm-none-eabi/12.3.1/../../../../arm-none-eabi/lib/thumb/v7-m/nofp\libc_nano.a(libc_a-lock.o)
                0x0800ac12                __retarget_lock_release_recursive
 .text._free_r  0x0800ac14       0x90 C:/ST/STM32CubeIDE_1.17.0/STM32CubeIDE/plugins/com.st.stm32cube.ide.mcu.externaltools.gnu-tools-for-stm32.12.3.rel1.win32_1.1.0.202410251130/tools/bin/../lib/gcc/arm-none-eabi/12.3.1/../../../../arm-none-eabi/lib/thumb/v7-m/nofp\libc_nano.a(libc_a-freer.o)
                0x0800ac14                _free_r
 .text.sbrk_aligned
                0x0800aca4       0x44 C:/ST/STM32CubeIDE_1.17.0/STM32CubeIDE/plugins/com.st.stm32cube.ide.mcu.externaltools.gnu-tools-for-stm32.12.3.rel1.win32_1.1.0.202410251130/tools/bin/../lib/gcc/arm-none-eabi/12.3.1/../../../../arm-none-eabi/lib/thumb/v7-m/nofp\libc_nano.a(libc_a-mallocr.o)
 .text._malloc_r
                0x0800ace8      0x100 C:/ST/STM32CubeIDE_1.17.0/STM32CubeIDE/plugins/com.st.stm32cube.ide.mcu.externaltools.gnu-tools-for-stm32.12.3.rel1.win32_1.1.0.202410251130/tools/bin/../lib/gcc/arm-none-eabi/12.3.1/../../../../arm-none-eabi/lib/thumb/v7-m/nofp\libc_nano.a(libc_a-mallocr.o)
                0x0800ace8                _malloc_r
 .text.__malloc_lock
                0x0800ade8        0xc C:/ST/STM32CubeIDE_1.17.0/STM32CubeIDE/plugins/com.st.stm32cube.ide.mcu.externaltools.gnu-tools-for-stm32.12.3.rel1.win32_1.1.0.202410251130/tools/bin/../lib/gcc/arm-none-eabi/12.3.1/../../../../arm-none-eabi/lib/thumb/v7-m/nofp\libc_nano.a(libc_a-mlock.o)
                0x0800ade8                __malloc_lock
 .text.__malloc_unlock
                0x0800adf4        0xc C:/ST/STM32CubeIDE_1.17.0/STM32CubeIDE/plugins/com.st.stm32cube.ide.mcu.externaltools.gnu-tools-for-stm32.12.3.rel1.win32_1.1.0.202410251130/tools/bin/../lib/gcc/arm-none-eabi/12.3.1/../../../../arm-none-eabi/lib/thumb/v7-m/nofp\libc_nano.a(libc_a-mlock.o)
                0x0800adf4                __malloc_unlock
 .text.__ssputs_r
                0x0800ae00       0xb6 C:/ST/STM32CubeIDE_1.17.0/STM32CubeIDE/plugins/com.st.stm32cube.ide.mcu.externaltools.gnu-tools-for-stm32.12.3.rel1.win32_1.1.0.202410251130/tools/bin/../lib/gcc/arm-none-eabi/12.3.1/../../../../arm-none-eabi/lib/thumb/v7-m/nofp\libc_nano.a(libc_a-nano-svfprintf.o)
                0x0800ae00                __ssputs_r
 *fill*         0x0800aeb6        0x2 
 .text._svfprintf_r
                0x0800aeb8      0x1f8 C:/ST/STM32CubeIDE_1.17.0/STM32CubeIDE/plugins/com.st.stm32cube.ide.mcu.externaltools.gnu-tools-for-stm32.12.3.rel1.win32_1.1.0.202410251130/tools/bin/../lib/gcc/arm-none-eabi/12.3.1/../../../../arm-none-eabi/lib/thumb/v7-m/nofp\libc_nano.a(libc_a-nano-svfprintf.o)
                0x0800aeb8                _svfiprintf_r
                0x0800aeb8                _svfprintf_r
 .text._printf_common
                0x0800b0b0       0xe4 C:/ST/STM32CubeIDE_1.17.0/STM32CubeIDE/plugins/com.st.stm32cube.ide.mcu.externaltools.gnu-tools-for-stm32.12.3.rel1.win32_1.1.0.202410251130/tools/bin/../lib/gcc/arm-none-eabi/12.3.1/../../../../arm-none-eabi/lib/thumb/v7-m/nofp\libc_nano.a(libc_a-nano-vfprintf_i.o)
                0x0800b0b0                _printf_common
 .text._printf_i
                0x0800b194      0x240 C:/ST/STM32CubeIDE_1.17.0/STM32CubeIDE/plugins/com.st.stm32cube.ide.mcu.externaltools.gnu-tools-for-stm32.12.3.rel1.win32_1.1.0.202410251130/tools/bin/../lib/gcc/arm-none-eabi/12.3.1/../../../../arm-none-eabi/lib/thumb/v7-m/nofp\libc_nano.a(libc_a-nano-vfprintf_i.o)
                0x0800b194                _printf_i
 .text.memmove  0x0800b3d4       0x34 C:/ST/STM32CubeIDE_1.17.0/STM32CubeIDE/plugins/com.st.stm32cube.ide.mcu.externaltools.gnu-tools-for-stm32.12.3.rel1.win32_1.1.0.202410251130/tools/bin/../lib/gcc/arm-none-eabi/12.3.1/../../../../arm-none-eabi/lib/thumb/v7-m/nofp\libc_nano.a(libc_a-memmove.o)
                0x0800b3d4                memmove
 .text._sbrk_r  0x0800b408       0x20 C:/ST/STM32CubeIDE_1.17.0/STM32CubeIDE/plugins/com.st.stm32cube.ide.mcu.externaltools.gnu-tools-for-stm32.12.3.rel1.win32_1.1.0.202410251130/tools/bin/../lib/gcc/arm-none-eabi/12.3.1/../../../../arm-none-eabi/lib/thumb/v7-m/nofp\libc_nano.a(libc_a-sbrkr.o)
                0x0800b408                _sbrk_r
 .text.memchr   0x0800b428       0x1c C:/ST/STM32CubeIDE_1.17.0/STM32CubeIDE/plugins/com.st.stm32cube.ide.mcu.externaltools.gnu-tools-for-stm32.12.3.rel1.win32_1.1.0.202410251130/tools/bin/../lib/gcc/arm-none-eabi/12.3.1/../../../../arm-none-eabi/lib/thumb/v7-m/nofp\libc_nano.a(libc_a-memchr-stub.o)
                0x0800b428                memchr
 .text.memcpy   0x0800b444       0x1c C:/ST/STM32CubeIDE_1.17.0/STM32CubeIDE/plugins/com.st.stm32cube.ide.mcu.externaltools.gnu-tools-for-stm32.12.3.rel1.win32_1.1.0.202410251130/tools/bin/../lib/gcc/arm-none-eabi/12.3.1/../../../../arm-none-eabi/lib/thumb/v7-m/nofp\libc_nano.a(libc_a-memcpy-stub.o)
                0x0800b444                memcpy
 .text._realloc_r
                0x0800b460       0x5c C:/ST/STM32CubeIDE_1.17.0/STM32CubeIDE/plugins/com.st.stm32cube.ide.mcu.externaltools.gnu-tools-for-stm32.12.3.rel1.win32_1.1.0.202410251130/tools/bin/../lib/gcc/arm-none-eabi/12.3.1/../../../../arm-none-eabi/lib/thumb/v7-m/nofp\libc_nano.a(libc_a-reallocr.o)
                0x0800b460                _realloc_r
 .text._malloc_usable_size_r
                0x0800b4bc       0x10 C:/ST/STM32CubeIDE_1.17.0/STM32CubeIDE/plugins/com.st.stm32cube.ide.mcu.externaltools.gnu-tools-for-stm32.12.3.rel1.win32_1.1.0.202410251130/tools/bin/../lib/gcc/arm-none-eabi/12.3.1/../../../../arm-none-eabi/lib/thumb/v7-m/nofp\libc_nano.a(libc_a-msizer.o)
                0x0800b4bc                _malloc_usable_size_r
 *(.glue_7)
 .glue_7        0x0800b4cc        0x0 linker stubs
 *(.glue_7t)
 .glue_7t       0x0800b4cc        0x0 linker stubs
 *(.eh_frame)
 .eh_frame      0x0800b4cc        0x0 C:/ST/STM32CubeIDE_1.17.0/STM32CubeIDE/plugins/com.st.stm32cube.ide.mcu.externaltools.gnu-tools-for-stm32.12.3.rel1.win32_1.1.0.202410251130/tools/bin/../lib/gcc/arm-none-eabi/12.3.1/thumb/v7-m/nofp/crtbegin.o
 *(.init)
 .init          0x0800b4cc        0x4 C:/ST/STM32CubeIDE_1.17.0/STM32CubeIDE/plugins/com.st.stm32cube.ide.mcu.externaltools.gnu-tools-for-stm32.12.3.rel1.win32_1.1.0.202410251130/tools/bin/../lib/gcc/arm-none-eabi/12.3.1/thumb/v7-m/nofp/crti.o
                0x0800b4cc                _init
 .init          0x0800b4d0        0x8 C:/ST/STM32CubeIDE_1.17.0/STM32CubeIDE/plugins/com.st.stm32cube.ide.mcu.externaltools.gnu-tools-for-stm32.12.3.rel1.win32_1.1.0.202410251130/tools/bin/../lib/gcc/arm-none-eabi/12.3.1/thumb/v7-m/nofp/crtn.o
 *(.fini)
 .fini          0x0800b4d8        0x4 C:/ST/STM32CubeIDE_1.17.0/STM32CubeIDE/plugins/com.st.stm32cube.ide.mcu.externaltools.gnu-tools-for-stm32.12.3.rel1.win32_1.1.0.202410251130/tools/bin/../lib/gcc/arm-none-eabi/12.3.1/thumb/v7-m/nofp/crti.o
                0x0800b4d8                _fini
 .fini          0x0800b4dc        0x8 C:/ST/STM32CubeIDE_1.17.0/STM32CubeIDE/plugins/com.st.stm32cube.ide.mcu.externaltools.gnu-tools-for-stm32.12.3.rel1.win32_1.1.0.202410251130/tools/bin/../lib/gcc/arm-none-eabi/12.3.1/thumb/v7-m/nofp/crtn.o
                0x0800b4e4                        . = ALIGN (0x4)
                0x0800b4e4                        _etext = .

.vfp11_veneer   0x0800b4e4        0x0
 .vfp11_veneer  0x0800b4e4        0x0 linker stubs

.v4_bx          0x0800b4e4        0x0
 .v4_bx         0x0800b4e4        0x0 linker stubs

.iplt           0x0800b4e4        0x0
 .iplt          0x0800b4e4        0x0 C:/ST/STM32CubeIDE_1.17.0/STM32CubeIDE/plugins/com.st.stm32cube.ide.mcu.externaltools.gnu-tools-for-stm32.12.3.rel1.win32_1.1.0.202410251130/tools/bin/../lib/gcc/arm-none-eabi/12.3.1/thumb/v7-m/nofp/crtbegin.o

.rodata         0x0800b4e4       0xe8
                0x0800b4e4                        . = ALIGN (0x4)
 *(.rodata)
 .rodata        0x0800b4e4       0x42 ./Core/Src/main.o
 *fill*         0x0800b526        0x2 
 .rodata        0x0800b528       0x42 ./USB_DEVICE/App/usbd_desc.o
 *(.rodata*)
 *fill*         0x0800b56a        0x2 
 .rodata.AHBPrescTable
                0x0800b56c       0x10 ./Core/Src/system_stm32f1xx.o
                0x0800b56c                AHBPrescTable
 .rodata.APBPrescTable
                0x0800b57c        0x8 ./Core/Src/system_stm32f1xx.o
                0x0800b57c                APBPrescTable
 .rodata.aPLLMULFactorTable.1
                0x0800b584       0x10 ./Drivers/STM32F1xx_HAL_Driver/Src/stm32f1xx_hal_rcc.o
 .rodata.aPredivFactorTable.0
                0x0800b594        0x2 ./Drivers/STM32F1xx_HAL_Driver/Src/stm32f1xx_hal_rcc.o
 .rodata._svfprintf_r.str1.1
                0x0800b596       0x11 C:/ST/STM32CubeIDE_1.17.0/STM32CubeIDE/plugins/com.st.stm32cube.ide.mcu.externaltools.gnu-tools-for-stm32.12.3.rel1.win32_1.1.0.202410251130/tools/bin/../lib/gcc/arm-none-eabi/12.3.1/../../../../arm-none-eabi/lib/thumb/v7-m/nofp\libc_nano.a(libc_a-nano-svfprintf.o)
 .rodata._printf_i.str1.1
                0x0800b5a7       0x22 C:/ST/STM32CubeIDE_1.17.0/STM32CubeIDE/plugins/com.st.stm32cube.ide.mcu.externaltools.gnu-tools-for-stm32.12.3.rel1.win32_1.1.0.202410251130/tools/bin/../lib/gcc/arm-none-eabi/12.3.1/../../../../arm-none-eabi/lib/thumb/v7-m/nofp\libc_nano.a(libc_a-nano-vfprintf_i.o)
                0x0800b5cc                        . = ALIGN (0x4)
 *fill*         0x0800b5c9        0x3 

.ARM.extab      0x0800b5cc        0x0
                0x0800b5cc                        . = ALIGN (0x4)
 *(.ARM.extab* .gnu.linkonce.armextab.*)
                0x0800b5cc                        . = ALIGN (0x4)

.ARM            0x0800b5cc        0x8
                0x0800b5cc                        . = ALIGN (0x4)
                0x0800b5cc                        __exidx_start = .
 *(.ARM.exidx*)
 .ARM.exidx     0x0800b5cc        0x8 C:/ST/STM32CubeIDE_1.17.0/STM32CubeIDE/plugins/com.st.stm32cube.ide.mcu.externaltools.gnu-tools-for-stm32.12.3.rel1.win32_1.1.0.202410251130/tools/bin/../lib/gcc/arm-none-eabi/12.3.1/../../../../arm-none-eabi/lib/thumb/v7-m/nofp\libc_nano.a(libc_a-strlen.o)
                0x0800b5d4                        __exidx_end = .
                0x0800b5d4                        . = ALIGN (0x4)

.preinit_array  0x0800b5d4        0x0
                0x0800b5d4                        . = ALIGN (0x4)
                0x0800b5d4                        PROVIDE (__preinit_array_start = .)
 *(.preinit_array*)
                0x0800b5d4                        PROVIDE (__preinit_array_end = .)
                0x0800b5d4                        . = ALIGN (0x4)

.init_array     0x0800b5d4        0x4
                0x0800b5d4                        . = ALIGN (0x4)
                0x0800b5d4                        PROVIDE (__init_array_start = .)
 *(SORT_BY_NAME(.init_array.*))
 *(.init_array*)
 .init_array    0x0800b5d4        0x4 C:/ST/STM32CubeIDE_1.17.0/STM32CubeIDE/plugins/com.st.stm32cube.ide.mcu.externaltools.gnu-tools-for-stm32.12.3.rel1.win32_1.1.0.202410251130/tools/bin/../lib/gcc/arm-none-eabi/12.3.1/thumb/v7-m/nofp/crtbegin.o
                0x0800b5d8                        PROVIDE (__init_array_end = .)
                0x0800b5d8                        . = ALIGN (0x4)

.fini_array     0x0800b5d8        0x4
                0x0800b5d8                        . = ALIGN (0x4)
                [!provide]                        PROVIDE (__fini_array_start = .)
 *(SORT_BY_NAME(.fini_array.*))
 *(.fini_array*)
 .fini_array    0x0800b5d8        0x4 C:/ST/STM32CubeIDE_1.17.0/STM32CubeIDE/plugins/com.st.stm32cube.ide.mcu.externaltools.gnu-tools-for-stm32.12.3.rel1.win32_1.1.0.202410251130/tools/bin/../lib/gcc/arm-none-eabi/12.3.1/thumb/v7-m/nofp/crtbegin.o
                [!provide]                        PROVIDE (__fini_array_end = .)
                0x0800b5dc                        . = ALIGN (0x4)
                0x0800b5dc                        _sidata = LOADADDR (.data)

.rel.dyn        0x0800b5dc        0x0
 .rel.iplt      0x0800b5dc        0x0 C:/ST/STM32CubeIDE_1.17.0/STM32CubeIDE/plugins/com.st.stm32cube.ide.mcu.externaltools.gnu-tools-for-stm32.12.3.rel1.win32_1.1.0.202410251130/tools/bin/../lib/gcc/arm-none-eabi/12.3.1/thumb/v7-m/nofp/crtbegin.o

.data           0x20000000      0x1cc load address 0x0800b5dc
                0x20000000                        . = ALIGN (0x4)
                0x20000000                        _sdata = .
 *(.data)
 *(.data*)
 .data.SystemCoreClock
                0x20000000        0x4 ./Core/Src/system_stm32f1xx.o
                0x20000000                SystemCoreClock
 .data.uwTickPrio
                0x20000004        0x4 ./Drivers/STM32F1xx_HAL_Driver/Src/stm32f1xx_hal.o
                0x20000004                uwTickPrio
 .data.uwTickFreq
                0x20000008        0x1 ./Drivers/STM32F1xx_HAL_Driver/Src/stm32f1xx_hal.o
                0x20000008                uwTickFreq
 *fill*         0x20000009        0x3 
 .data.USBD_CDC_DeviceQualifierDesc
                0x2000000c        0xa ./Middlewares/ST/STM32_USB_Device_Library/Class/CDC/Src/usbd_cdc.o
 *fill*         0x20000016        0x2 
 .data.USBD_CDC
                0x20000018       0x38 ./Middlewares/ST/STM32_USB_Device_Library/Class/CDC/Src/usbd_cdc.o
                0x20000018                USBD_CDC
 .data.USBD_CDC_CfgHSDesc
                0x20000050       0x43 ./Middlewares/ST/STM32_USB_Device_Library/Class/CDC/Src/usbd_cdc.o
                0x20000050                USBD_CDC_CfgHSDesc
 *fill*         0x20000093        0x1 
 .data.USBD_CDC_CfgFSDesc
                0x20000094       0x43 ./Middlewares/ST/STM32_USB_Device_Library/Class/CDC/Src/usbd_cdc.o
                0x20000094                USBD_CDC_CfgFSDesc
 *fill*         0x200000d7        0x1 
 .data.USBD_CDC_OtherSpeedCfgDesc
                0x200000d8       0x43 ./Middlewares/ST/STM32_USB_Device_Library/Class/CDC/Src/usbd_cdc.o
                0x200000d8                USBD_CDC_OtherSpeedCfgDesc
 *fill*         0x2000011b        0x1 
 .data.USBD_Interface_fops_FS
                0x2000011c       0x10 ./USB_DEVICE/App/usbd_cdc_if.o
                0x2000011c                USBD_Interface_fops_FS
 .data.FS_Desc  0x2000012c       0x1c ./USB_DEVICE/App/usbd_desc.o
                0x2000012c                FS_Desc
 .data.USBD_FS_DeviceDesc
                0x20000148       0x12 ./USB_DEVICE/App/usbd_desc.o
                0x20000148                USBD_FS_DeviceDesc
 *fill*         0x2000015a        0x2 
 .data.USBD_LangIDDesc
                0x2000015c        0x4 ./USB_DEVICE/App/usbd_desc.o
                0x2000015c                USBD_LangIDDesc
 .data.USBD_StringSerial
                0x20000160       0x1a ./USB_DEVICE/App/usbd_desc.o
                0x20000160                USBD_StringSerial
 *fill*         0x2000017a        0x2 
 .data._impure_ptr
                0x2000017c        0x4 C:/ST/STM32CubeIDE_1.17.0/STM32CubeIDE/plugins/com.st.stm32cube.ide.mcu.externaltools.gnu-tools-for-stm32.12.3.rel1.win32_1.1.0.202410251130/tools/bin/../lib/gcc/arm-none-eabi/12.3.1/../../../../arm-none-eabi/lib/thumb/v7-m/nofp\libc_nano.a(libc_a-impure.o)
                0x2000017c                _impure_ptr
 .data._impure_data
                0x20000180       0x4c C:/ST/STM32CubeIDE_1.17.0/STM32CubeIDE/plugins/com.st.stm32cube.ide.mcu.externaltools.gnu-tools-for-stm32.12.3.rel1.win32_1.1.0.202410251130/tools/bin/../lib/gcc/arm-none-eabi/12.3.1/../../../../arm-none-eabi/lib/thumb/v7-m/nofp\libc_nano.a(libc_a-impure.o)
                0x20000180                _impure_data
 *(.RamFunc)
 *(.RamFunc*)
                0x200001cc                        . = ALIGN (0x4)
                0x200001cc                        _edata = .

.igot.plt       0x200001cc        0x0 load address 0x0800b7a8
 .igot.plt      0x200001cc        0x0 C:/ST/STM32CubeIDE_1.17.0/STM32CubeIDE/plugins/com.st.stm32cube.ide.mcu.externaltools.gnu-tools-for-stm32.12.3.rel1.win32_1.1.0.202410251130/tools/bin/../lib/gcc/arm-none-eabi/12.3.1/thumb/v7-m/nofp/crtbegin.o
                0x200001cc                        . = ALIGN (0x4)

.bss            0x200001cc     0x14e8 load address 0x0800b7a8
                0x200001cc                        _sbss = .
                0x200001cc                        __bss_start__ = _sbss
 *(.bss)
 .bss           0x200001cc       0x1c C:/ST/STM32CubeIDE_1.17.0/STM32CubeIDE/plugins/com.st.stm32cube.ide.mcu.externaltools.gnu-tools-for-stm32.12.3.rel1.win32_1.1.0.202410251130/tools/bin/../lib/gcc/arm-none-eabi/12.3.1/thumb/v7-m/nofp/crtbegin.o
 *(.bss*)
 .bss.hi2c1     0x200001e8       0x54 ./Core/Src/main.o
                0x200001e8                hi2c1
 .bss.htim1     0x2000023c       0x48 ./Core/Src/main.o
                0x2000023c                htim1
 .bss.htim2     0x20000284       0x48 ./Core/Src/main.o
                0x20000284                htim2
 .bss.htim3     0x200002cc       0x48 ./Core/Src/main.o
                0x200002cc                htim3
 .bss.htim4     0x20000314       0x48 ./Core/Src/main.o
                0x20000314                htim4
 .bss.huart3    0x2000035c       0x48 ./Core/Src/main.o
                0x2000035c                huart3
 .bss.__sbrk_heap_end
                0x200003a4        0x4 ./Core/Src/sysmem.o
 .bss.uwTick    0x200003a8        0x4 ./Drivers/STM32F1xx_HAL_Driver/Src/stm32f1xx_hal.o
                0x200003a8                uwTick
 .bss.cfgidx.0  0x200003ac        0x1 ./Middlewares/ST/STM32_USB_Device_Library/Core/Src/usbd_ctlreq.o
 *fill*         0x200003ad        0x3 
 .bss.hUsbDeviceFS
                0x200003b0      0x2c4 ./USB_DEVICE/App/usb_device.o
                0x200003b0                hUsbDeviceFS
 .bss.UserRxBufferFS
                0x20000674      0x400 ./USB_DEVICE/App/usbd_cdc_if.o
                0x20000674                UserRxBufferFS
 .bss.UserTxBufferFS
                0x20000a74      0x400 ./USB_DEVICE/App/usbd_cdc_if.o
                0x20000a74                UserTxBufferFS
 .bss.USBD_StrDesc
                0x20000e74      0x200 ./USB_DEVICE/App/usbd_desc.o
                0x20000e74                USBD_StrDesc
 .bss.hpcd_USB_FS
                0x20001074      0x2d8 ./USB_DEVICE/Target/usbd_conf.o
                0x20001074                hpcd_USB_FS
 .bss.mem.0     0x2000134c      0x220 ./USB_DEVICE/Target/usbd_conf.o
 .bss.__sf      0x2000156c      0x138 C:/ST/STM32CubeIDE_1.17.0/STM32CubeIDE/plugins/com.st.stm32cube.ide.mcu.externaltools.gnu-tools-for-stm32.12.3.rel1.win32_1.1.0.202410251130/tools/bin/../lib/gcc/arm-none-eabi/12.3.1/../../../../arm-none-eabi/lib/thumb/v7-m/nofp\libc_nano.a(libc_a-findfp.o)
                0x2000156c                __sf
 .bss.errno     0x200016a4        0x4 C:/ST/STM32CubeIDE_1.17.0/STM32CubeIDE/plugins/com.st.stm32cube.ide.mcu.externaltools.gnu-tools-for-stm32.12.3.rel1.win32_1.1.0.202410251130/tools/bin/../lib/gcc/arm-none-eabi/12.3.1/../../../../arm-none-eabi/lib/thumb/v7-m/nofp\libc_nano.a(libc_a-reent.o)
                0x200016a4                errno
 .bss.__lock___malloc_recursive_mutex
                0x200016a8        0x1 C:/ST/STM32CubeIDE_1.17.0/STM32CubeIDE/plugins/com.st.stm32cube.ide.mcu.externaltools.gnu-tools-for-stm32.12.3.rel1.win32_1.1.0.202410251130/tools/bin/../lib/gcc/arm-none-eabi/12.3.1/../../../../arm-none-eabi/lib/thumb/v7-m/nofp\libc_nano.a(libc_a-lock.o)
                0x200016a8                __lock___malloc_recursive_mutex
 *fill*         0x200016a9        0x3 
 .bss.__malloc_sbrk_start
                0x200016ac        0x4 C:/ST/STM32CubeIDE_1.17.0/STM32CubeIDE/plugins/com.st.stm32cube.ide.mcu.externaltools.gnu-tools-for-stm32.12.3.rel1.win32_1.1.0.202410251130/tools/bin/../lib/gcc/arm-none-eabi/12.3.1/../../../../arm-none-eabi/lib/thumb/v7-m/nofp\libc_nano.a(libc_a-mallocr.o)
                0x200016ac                __malloc_sbrk_start
 .bss.__malloc_free_list
                0x200016b0        0x4 C:/ST/STM32CubeIDE_1.17.0/STM32CubeIDE/plugins/com.st.stm32cube.ide.mcu.externaltools.gnu-tools-for-stm32.12.3.rel1.win32_1.1.0.202410251130/tools/bin/../lib/gcc/arm-none-eabi/12.3.1/../../../../arm-none-eabi/lib/thumb/v7-m/nofp\libc_nano.a(libc_a-mallocr.o)
                0x200016b0                __malloc_free_list
 *(COMMON)
                0x200016b4                        . = ALIGN (0x4)
                0x200016b4                        _ebss = .
                0x200016b4                        __bss_end__ = _ebss

._user_heap_stack
                0x200016b4      0x604 load address 0x0800b7a8
                0x200016b8                        . = ALIGN (0x8)
 *fill*         0x200016b4        0x4 
                [!provide]                        PROVIDE (end = .)
                0x200016b8                        PROVIDE (_end = .)
                0x200018b8                        . = (. + _Min_Heap_Size)
 *fill*         0x200016b8      0x200 
                0x20001cb8                        . = (. + _Min_Stack_Size)
 *fill*         0x200018b8      0x400 
                0x20001cb8                        . = ALIGN (0x8)

/DISCARD/
 libc.a(*)
 libm.a(*)
 libgcc.a(*)

.ARM.attributes
                0x00000000       0x29
 *(.ARM.attributes)
 .ARM.attributes
                0x00000000       0x1d C:/ST/STM32CubeIDE_1.17.0/STM32CubeIDE/plugins/com.st.stm32cube.ide.mcu.externaltools.gnu-tools-for-stm32.12.3.rel1.win32_1.1.0.202410251130/tools/bin/../lib/gcc/arm-none-eabi/12.3.1/thumb/v7-m/nofp/crti.o
 .ARM.attributes
                0x0000001d       0x2d C:/ST/STM32CubeIDE_1.17.0/STM32CubeIDE/plugins/com.st.stm32cube.ide.mcu.externaltools.gnu-tools-for-stm32.12.3.rel1.win32_1.1.0.202410251130/tools/bin/../lib/gcc/arm-none-eabi/12.3.1/thumb/v7-m/nofp/crtbegin.o
 .ARM.attributes
                0x0000004a       0x2d ./Core/Src/main.o
 .ARM.attributes
                0x00000077       0x2d ./Core/Src/stm32f1xx_hal_msp.o
 .ARM.attributes
                0x000000a4       0x2d ./Core/Src/stm32f1xx_it.o
 .ARM.attributes
                0x000000d1       0x2d ./Core/Src/sysmem.o
 .ARM.attributes
                0x000000fe       0x2d ./Core/Src/system_stm32f1xx.o
 .ARM.attributes
                0x0000012b       0x21 ./Core/Startup/startup_stm32f103c8tx.o
 .ARM.attributes
                0x0000014c       0x2d ./Drivers/STM32F1xx_HAL_Driver/Src/stm32f1xx_hal.o
 .ARM.attributes
                0x00000179       0x2d ./Drivers/STM32F1xx_HAL_Driver/Src/stm32f1xx_hal_cortex.o
 .ARM.attributes
                0x000001a6       0x2d ./Drivers/STM32F1xx_HAL_Driver/Src/stm32f1xx_hal_gpio.o
 .ARM.attributes
                0x000001d3       0x2d ./Drivers/STM32F1xx_HAL_Driver/Src/stm32f1xx_hal_i2c.o
 .ARM.attributes
                0x00000200       0x2d ./Drivers/STM32F1xx_HAL_Driver/Src/stm32f1xx_hal_pcd.o
 .ARM.attributes
                0x0000022d       0x2d ./Drivers/STM32F1xx_HAL_Driver/Src/stm32f1xx_hal_pcd_ex.o
 .ARM.attributes
                0x0000025a       0x2d ./Drivers/STM32F1xx_HAL_Driver/Src/stm32f1xx_hal_rcc.o
 .ARM.attributes
                0x00000287       0x2d ./Drivers/STM32F1xx_HAL_Driver/Src/stm32f1xx_hal_rcc_ex.o
 .ARM.attributes
                0x000002b4       0x2d ./Drivers/STM32F1xx_HAL_Driver/Src/stm32f1xx_hal_tim.o
 .ARM.attributes
                0x000002e1       0x2d ./Drivers/STM32F1xx_HAL_Driver/Src/stm32f1xx_hal_tim_ex.o
 .ARM.attributes
                0x0000030e       0x2d ./Drivers/STM32F1xx_HAL_Driver/Src/stm32f1xx_hal_uart.o
 .ARM.attributes
                0x0000033b       0x2d ./Drivers/STM32F1xx_HAL_Driver/Src/stm32f1xx_ll_usb.o
 .ARM.attributes
                0x00000368       0x2d ./Middlewares/ST/STM32_USB_Device_Library/Class/CDC/Src/usbd_cdc.o
 .ARM.attributes
                0x00000395       0x2d ./Middlewares/ST/STM32_USB_Device_Library/Core/Src/usbd_core.o
 .ARM.attributes
                0x000003c2       0x2d ./Middlewares/ST/STM32_USB_Device_Library/Core/Src/usbd_ctlreq.o
 .ARM.attributes
                0x000003ef       0x2d ./Middlewares/ST/STM32_USB_Device_Library/Core/Src/usbd_ioreq.o
 .ARM.attributes
                0x0000041c       0x2d ./USB_DEVICE/App/usb_device.o
 .ARM.attributes
                0x00000449       0x2d ./USB_DEVICE/App/usbd_cdc_if.o
 .ARM.attributes
                0x00000476       0x2d ./USB_DEVICE/App/usbd_desc.o
 .ARM.attributes
                0x000004a3       0x2d ./USB_DEVICE/Target/usbd_conf.o
 .ARM.attributes
                0x000004d0       0x2d C:/ST/STM32CubeIDE_1.17.0/STM32CubeIDE/plugins/com.st.stm32cube.ide.mcu.externaltools.gnu-tools-for-stm32.12.3.rel1.win32_1.1.0.202410251130/tools/bin/../lib/gcc/arm-none-eabi/12.3.1/../../../../arm-none-eabi/lib/thumb/v7-m/nofp\libc_nano.a(libc_a-findfp.o)
 .ARM.attributes
                0x000004fd       0x2d C:/ST/STM32CubeIDE_1.17.0/STM32CubeIDE/plugins/com.st.stm32cube.ide.mcu.externaltools.gnu-tools-for-stm32.12.3.rel1.win32_1.1.0.202410251130/tools/bin/../lib/gcc/arm-none-eabi/12.3.1/../../../../arm-none-eabi/lib/thumb/v7-m/nofp\libc_nano.a(libc_a-sprintf.o)
 .ARM.attributes
                0x0000052a       0x2d C:/ST/STM32CubeIDE_1.17.0/STM32CubeIDE/plugins/com.st.stm32cube.ide.mcu.externaltools.gnu-tools-for-stm32.12.3.rel1.win32_1.1.0.202410251130/tools/bin/../lib/gcc/arm-none-eabi/12.3.1/../../../../arm-none-eabi/lib/thumb/v7-m/nofp\libc_nano.a(libc_a-memset.o)
 .ARM.attributes
                0x00000557       0x2d C:/ST/STM32CubeIDE_1.17.0/STM32CubeIDE/plugins/com.st.stm32cube.ide.mcu.externaltools.gnu-tools-for-stm32.12.3.rel1.win32_1.1.0.202410251130/tools/bin/../lib/gcc/arm-none-eabi/12.3.1/../../../../arm-none-eabi/lib/thumb/v7-m/nofp\libc_nano.a(libc_a-reent.o)
 .ARM.attributes
                0x00000584       0x2d C:/ST/STM32CubeIDE_1.17.0/STM32CubeIDE/plugins/com.st.stm32cube.ide.mcu.externaltools.gnu-tools-for-stm32.12.3.rel1.win32_1.1.0.202410251130/tools/bin/../lib/gcc/arm-none-eabi/12.3.1/../../../../arm-none-eabi/lib/thumb/v7-m/nofp\libc_nano.a(libc_a-impure.o)
 .ARM.attributes
                0x000005b1       0x2d C:/ST/STM32CubeIDE_1.17.0/STM32CubeIDE/plugins/com.st.stm32cube.ide.mcu.externaltools.gnu-tools-for-stm32.12.3.rel1.win32_1.1.0.202410251130/tools/bin/../lib/gcc/arm-none-eabi/12.3.1/../../../../arm-none-eabi/lib/thumb/v7-m/nofp\libc_nano.a(libc_a-errno.o)
 .ARM.attributes
                0x000005de       0x2d C:/ST/STM32CubeIDE_1.17.0/STM32CubeIDE/plugins/com.st.stm32cube.ide.mcu.externaltools.gnu-tools-for-stm32.12.3.rel1.win32_1.1.0.202410251130/tools/bin/../lib/gcc/arm-none-eabi/12.3.1/../../../../arm-none-eabi/lib/thumb/v7-m/nofp\libc_nano.a(libc_a-init.o)
 .ARM.attributes
                0x0000060b       0x2d C:/ST/STM32CubeIDE_1.17.0/STM32CubeIDE/plugins/com.st.stm32cube.ide.mcu.externaltools.gnu-tools-for-stm32.12.3.rel1.win32_1.1.0.202410251130/tools/bin/../lib/gcc/arm-none-eabi/12.3.1/../../../../arm-none-eabi/lib/thumb/v7-m/nofp\libc_nano.a(libc_a-lock.o)
 .ARM.attributes
                0x00000638       0x17 C:/ST/STM32CubeIDE_1.17.0/STM32CubeIDE/plugins/com.st.stm32cube.ide.mcu.externaltools.gnu-tools-for-stm32.12.3.rel1.win32_1.1.0.202410251130/tools/bin/../lib/gcc/arm-none-eabi/12.3.1/../../../../arm-none-eabi/lib/thumb/v7-m/nofp\libc_nano.a(libc_a-strlen.o)
 .ARM.attributes
                0x0000064f       0x2d C:/ST/STM32CubeIDE_1.17.0/STM32CubeIDE/plugins/com.st.stm32cube.ide.mcu.externaltools.gnu-tools-for-stm32.12.3.rel1.win32_1.1.0.202410251130/tools/bin/../lib/gcc/arm-none-eabi/12.3.1/../../../../arm-none-eabi/lib/thumb/v7-m/nofp\libc_nano.a(libc_a-freer.o)
 .ARM.attributes
                0x0000067c       0x2d C:/ST/STM32CubeIDE_1.17.0/STM32CubeIDE/plugins/com.st.stm32cube.ide.mcu.externaltools.gnu-tools-for-stm32.12.3.rel1.win32_1.1.0.202410251130/tools/bin/../lib/gcc/arm-none-eabi/12.3.1/../../../../arm-none-eabi/lib/thumb/v7-m/nofp\libc_nano.a(libc_a-mallocr.o)
 .ARM.attributes
                0x000006a9       0x2d C:/ST/STM32CubeIDE_1.17.0/STM32CubeIDE/plugins/com.st.stm32cube.ide.mcu.externaltools.gnu-tools-for-stm32.12.3.rel1.win32_1.1.0.202410251130/tools/bin/../lib/gcc/arm-none-eabi/12.3.1/../../../../arm-none-eabi/lib/thumb/v7-m/nofp\libc_nano.a(libc_a-mlock.o)
 .ARM.attributes
                0x000006d6       0x2d C:/ST/STM32CubeIDE_1.17.0/STM32CubeIDE/plugins/com.st.stm32cube.ide.mcu.externaltools.gnu-tools-for-stm32.12.3.rel1.win32_1.1.0.202410251130/tools/bin/../lib/gcc/arm-none-eabi/12.3.1/../../../../arm-none-eabi/lib/thumb/v7-m/nofp\libc_nano.a(libc_a-nano-svfprintf.o)
 .ARM.attributes
                0x00000703       0x2d C:/ST/STM32CubeIDE_1.17.0/STM32CubeIDE/plugins/com.st.stm32cube.ide.mcu.externaltools.gnu-tools-for-stm32.12.3.rel1.win32_1.1.0.202410251130/tools/bin/../lib/gcc/arm-none-eabi/12.3.1/../../../../arm-none-eabi/lib/thumb/v7-m/nofp\libc_nano.a(libc_a-nano-vfprintf_i.o)
 .ARM.attributes
                0x00000730       0x2d C:/ST/STM32CubeIDE_1.17.0/STM32CubeIDE/plugins/com.st.stm32cube.ide.mcu.externaltools.gnu-tools-for-stm32.12.3.rel1.win32_1.1.0.202410251130/tools/bin/../lib/gcc/arm-none-eabi/12.3.1/../../../../arm-none-eabi/lib/thumb/v7-m/nofp\libc_nano.a(libc_a-memmove.o)
 .ARM.attributes
                0x0000075d       0x2d C:/ST/STM32CubeIDE_1.17.0/STM32CubeIDE/plugins/com.st.stm32cube.ide.mcu.externaltools.gnu-tools-for-stm32.12.3.rel1.win32_1.1.0.202410251130/tools/bin/../lib/gcc/arm-none-eabi/12.3.1/../../../../arm-none-eabi/lib/thumb/v7-m/nofp\libc_nano.a(libc_a-sbrkr.o)
 .ARM.attributes
                0x0000078a       0x2d C:/ST/STM32CubeIDE_1.17.0/STM32CubeIDE/plugins/com.st.stm32cube.ide.mcu.externaltools.gnu-tools-for-stm32.12.3.rel1.win32_1.1.0.202410251130/tools/bin/../lib/gcc/arm-none-eabi/12.3.1/../../../../arm-none-eabi/lib/thumb/v7-m/nofp\libc_nano.a(libc_a-memchr-stub.o)
 .ARM.attributes
                0x000007b7       0x2d C:/ST/STM32CubeIDE_1.17.0/STM32CubeIDE/plugins/com.st.stm32cube.ide.mcu.externaltools.gnu-tools-for-stm32.12.3.rel1.win32_1.1.0.202410251130/tools/bin/../lib/gcc/arm-none-eabi/12.3.1/../../../../arm-none-eabi/lib/thumb/v7-m/nofp\libc_nano.a(libc_a-memcpy-stub.o)
 .ARM.attributes
                0x000007e4       0x2d C:/ST/STM32CubeIDE_1.17.0/STM32CubeIDE/plugins/com.st.stm32cube.ide.mcu.externaltools.gnu-tools-for-stm32.12.3.rel1.win32_1.1.0.202410251130/tools/bin/../lib/gcc/arm-none-eabi/12.3.1/../../../../arm-none-eabi/lib/thumb/v7-m/nofp\libc_nano.a(libc_a-reallocr.o)
 .ARM.attributes
                0x00000811       0x2d C:/ST/STM32CubeIDE_1.17.0/STM32CubeIDE/plugins/com.st.stm32cube.ide.mcu.externaltools.gnu-tools-for-stm32.12.3.rel1.win32_1.1.0.202410251130/tools/bin/../lib/gcc/arm-none-eabi/12.3.1/../../../../arm-none-eabi/lib/thumb/v7-m/nofp\libc_nano.a(libc_a-msizer.o)
 .ARM.attributes
                0x0000083e       0x1d C:/ST/STM32CubeIDE_1.17.0/STM32CubeIDE/plugins/com.st.stm32cube.ide.mcu.externaltools.gnu-tools-for-stm32.12.3.rel1.win32_1.1.0.202410251130/tools/bin/../lib/gcc/arm-none-eabi/12.3.1/thumb/v7-m/nofp\libgcc.a(_arm_addsubdf3.o)
 .ARM.attributes
                0x0000085b       0x1d C:/ST/STM32CubeIDE_1.17.0/STM32CubeIDE/plugins/com.st.stm32cube.ide.mcu.externaltools.gnu-tools-for-stm32.12.3.rel1.win32_1.1.0.202410251130/tools/bin/../lib/gcc/arm-none-eabi/12.3.1/thumb/v7-m/nofp\libgcc.a(_arm_muldivdf3.o)
 .ARM.attributes
                0x00000878       0x1d C:/ST/STM32CubeIDE_1.17.0/STM32CubeIDE/plugins/com.st.stm32cube.ide.mcu.externaltools.gnu-tools-for-stm32.12.3.rel1.win32_1.1.0.202410251130/tools/bin/../lib/gcc/arm-none-eabi/12.3.1/thumb/v7-m/nofp\libgcc.a(_arm_truncdfsf2.o)
 .ARM.attributes
                0x00000895       0x1d C:/ST/STM32CubeIDE_1.17.0/STM32CubeIDE/plugins/com.st.stm32cube.ide.mcu.externaltools.gnu-tools-for-stm32.12.3.rel1.win32_1.1.0.202410251130/tools/bin/../lib/gcc/arm-none-eabi/12.3.1/thumb/v7-m/nofp\libgcc.a(_arm_fixunssfsi.o)
 .ARM.attributes
                0x000008b2       0x1d C:/ST/STM32CubeIDE_1.17.0/STM32CubeIDE/plugins/com.st.stm32cube.ide.mcu.externaltools.gnu-tools-for-stm32.12.3.rel1.win32_1.1.0.202410251130/tools/bin/../lib/gcc/arm-none-eabi/12.3.1/thumb/v7-m/nofp/crtn.o
OUTPUT(motor_controller.elf elf32-littlearm)
LOAD linker stubs
LOAD C:/ST/STM32CubeIDE_1.17.0/STM32CubeIDE/plugins/com.st.stm32cube.ide.mcu.externaltools.gnu-tools-for-stm32.12.3.rel1.win32_1.1.0.202410251130/tools/bin/../lib/gcc/arm-none-eabi/12.3.1/../../../../arm-none-eabi/lib/thumb/v7-m/nofp\libc.a
LOAD C:/ST/STM32CubeIDE_1.17.0/STM32CubeIDE/plugins/com.st.stm32cube.ide.mcu.externaltools.gnu-tools-for-stm32.12.3.rel1.win32_1.1.0.202410251130/tools/bin/../lib/gcc/arm-none-eabi/12.3.1/../../../../arm-none-eabi/lib/thumb/v7-m/nofp\libm.a
LOAD C:/ST/STM32CubeIDE_1.17.0/STM32CubeIDE/plugins/com.st.stm32cube.ide.mcu.externaltools.gnu-tools-for-stm32.12.3.rel1.win32_1.1.0.202410251130/tools/bin/../lib/gcc/arm-none-eabi/12.3.1/thumb/v7-m/nofp\libgcc.a

.debug_info     0x00000000    0x1716f
 .debug_info    0x00000000     0x182e ./Core/Src/main.o
 .debug_info    0x0000182e     0x1029 ./Core/Src/stm32f1xx_hal_msp.o
 .debug_info    0x00002857      0x602 ./Core/Src/stm32f1xx_it.o
 .debug_info    0x00002e59      0x168 ./Core/Src/sysmem.o
 .debug_info    0x00002fc1      0x222 ./Core/Src/system_stm32f1xx.o
 .debug_info    0x000031e3       0x30 ./Core/Startup/startup_stm32f103c8tx.o
 .debug_info    0x00003213      0x704 ./Drivers/STM32F1xx_HAL_Driver/Src/stm32f1xx_hal.o
 .debug_info    0x00003917      0xa87 ./Drivers/STM32F1xx_HAL_Driver/Src/stm32f1xx_hal_cortex.o
 .debug_info    0x0000439e      0x5ab ./Drivers/STM32F1xx_HAL_Driver/Src/stm32f1xx_hal_gpio.o
 .debug_info    0x00004949     0x2524 ./Drivers/STM32F1xx_HAL_Driver/Src/stm32f1xx_hal_i2c.o
 .debug_info    0x00006e6d     0x16dc ./Drivers/STM32F1xx_HAL_Driver/Src/stm32f1xx_hal_pcd.o
 .debug_info    0x00008549      0x6c3 ./Drivers/STM32F1xx_HAL_Driver/Src/stm32f1xx_hal_pcd_ex.o
 .debug_info    0x00008c0c      0x7d5 ./Drivers/STM32F1xx_HAL_Driver/Src/stm32f1xx_hal_rcc.o
 .debug_info    0x000093e1      0x3c0 ./Drivers/STM32F1xx_HAL_Driver/Src/stm32f1xx_hal_rcc_ex.o
 .debug_info    0x000097a1     0x2959 ./Drivers/STM32F1xx_HAL_Driver/Src/stm32f1xx_hal_tim.o
 .debug_info    0x0000c0fa     0x149b ./Drivers/STM32F1xx_HAL_Driver/Src/stm32f1xx_hal_tim_ex.o
 .debug_info    0x0000d595     0x2eed ./Drivers/STM32F1xx_HAL_Driver/Src/stm32f1xx_hal_uart.o
 .debug_info    0x00010482     0x17ae ./Drivers/STM32F1xx_HAL_Driver/Src/stm32f1xx_ll_usb.o
 .debug_info    0x00011c30     0x1043 ./Middlewares/ST/STM32_USB_Device_Library/Class/CDC/Src/usbd_cdc.o
 .debug_info    0x00012c73      0xa52 ./Middlewares/ST/STM32_USB_Device_Library/Core/Src/usbd_core.o
 .debug_info    0x000136c5      0x91c ./Middlewares/ST/STM32_USB_Device_Library/Core/Src/usbd_ctlreq.o
 .debug_info    0x00013fe1      0x6a0 ./Middlewares/ST/STM32_USB_Device_Library/Core/Src/usbd_ioreq.o
 .debug_info    0x00014681      0x63d ./USB_DEVICE/App/usb_device.o
 .debug_info    0x00014cbe      0x803 ./USB_DEVICE/App/usbd_cdc_if.o
 .debug_info    0x000154c1      0x44a ./USB_DEVICE/App/usbd_desc.o
 .debug_info    0x0001590b     0x1864 ./USB_DEVICE/Target/usbd_conf.o

.debug_abbrev   0x00000000     0x3740
 .debug_abbrev  0x00000000      0x35d ./Core/Src/main.o
 .debug_abbrev  0x0000035d      0x235 ./Core/Src/stm32f1xx_hal_msp.o
 .debug_abbrev  0x00000592      0x192 ./Core/Src/stm32f1xx_it.o
 .debug_abbrev  0x00000724       0xbc ./Core/Src/sysmem.o
 .debug_abbrev  0x000007e0      0x13f ./Core/Src/system_stm32f1xx.o
 .debug_abbrev  0x0000091f       0x24 ./Core/Startup/startup_stm32f103c8tx.o
 .debug_abbrev  0x00000943      0x201 ./Drivers/STM32F1xx_HAL_Driver/Src/stm32f1xx_hal.o
 .debug_abbrev  0x00000b44      0x2f8 ./Drivers/STM32F1xx_HAL_Driver/Src/stm32f1xx_hal_cortex.o
 .debug_abbrev  0x00000e3c      0x1ca ./Drivers/STM32F1xx_HAL_Driver/Src/stm32f1xx_hal_gpio.o
 .debug_abbrev  0x00001006      0x2a3 ./Drivers/STM32F1xx_HAL_Driver/Src/stm32f1xx_hal_i2c.o
 .debug_abbrev  0x000012a9      0x2d6 ./Drivers/STM32F1xx_HAL_Driver/Src/stm32f1xx_hal_pcd.o
 .debug_abbrev  0x0000157f      0x189 ./Drivers/STM32F1xx_HAL_Driver/Src/stm32f1xx_hal_pcd_ex.o
 .debug_abbrev  0x00001708      0x2b3 ./Drivers/STM32F1xx_HAL_Driver/Src/stm32f1xx_hal_rcc.o
 .debug_abbrev  0x000019bb      0x188 ./Drivers/STM32F1xx_HAL_Driver/Src/stm32f1xx_hal_rcc_ex.o
 .debug_abbrev  0x00001b43      0x277 ./Drivers/STM32F1xx_HAL_Driver/Src/stm32f1xx_hal_tim.o
 .debug_abbrev  0x00001dba      0x282 ./Drivers/STM32F1xx_HAL_Driver/Src/stm32f1xx_hal_tim_ex.o
 .debug_abbrev  0x0000203c      0x2f8 ./Drivers/STM32F1xx_HAL_Driver/Src/stm32f1xx_hal_uart.o
 .debug_abbrev  0x00002334      0x1de ./Drivers/STM32F1xx_HAL_Driver/Src/stm32f1xx_ll_usb.o
 .debug_abbrev  0x00002512      0x2d3 ./Middlewares/ST/STM32_USB_Device_Library/Class/CDC/Src/usbd_cdc.o
 .debug_abbrev  0x000027e5      0x24a ./Middlewares/ST/STM32_USB_Device_Library/Core/Src/usbd_core.o
 .debug_abbrev  0x00002a2f      0x26b ./Middlewares/ST/STM32_USB_Device_Library/Core/Src/usbd_ctlreq.o
 .debug_abbrev  0x00002c9a      0x192 ./Middlewares/ST/STM32_USB_Device_Library/Core/Src/usbd_ioreq.o
 .debug_abbrev  0x00002e2c      0x18d ./USB_DEVICE/App/usb_device.o
 .debug_abbrev  0x00002fb9      0x272 ./USB_DEVICE/App/usbd_cdc_if.o
 .debug_abbrev  0x0000322b      0x1ff ./USB_DEVICE/App/usbd_desc.o
 .debug_abbrev  0x0000342a      0x316 ./USB_DEVICE/Target/usbd_conf.o

.debug_aranges  0x00000000     0x1548
 .debug_aranges
                0x00000000       0xc0 ./Core/Src/main.o
 .debug_aranges
                0x000000c0       0x68 ./Core/Src/stm32f1xx_hal_msp.o
 .debug_aranges
                0x00000128       0x68 ./Core/Src/stm32f1xx_it.o
 .debug_aranges
                0x00000190       0x20 ./Core/Src/sysmem.o
 .debug_aranges
                0x000001b0       0x28 ./Core/Src/system_stm32f1xx.o
 .debug_aranges
                0x000001d8       0x28 ./Core/Startup/startup_stm32f103c8tx.o
 .debug_aranges
                0x00000200       0xe0 ./Drivers/STM32F1xx_HAL_Driver/Src/stm32f1xx_hal.o
 .debug_aranges
                0x000002e0      0x100 ./Drivers/STM32F1xx_HAL_Driver/Src/stm32f1xx_hal_cortex.o
 .debug_aranges
                0x000003e0       0x58 ./Drivers/STM32F1xx_HAL_Driver/Src/stm32f1xx_hal_gpio.o
 .debug_aranges
                0x00000438      0x2a8 ./Drivers/STM32F1xx_HAL_Driver/Src/stm32f1xx_hal_i2c.o
 .debug_aranges
                0x000006e0      0x140 ./Drivers/STM32F1xx_HAL_Driver/Src/stm32f1xx_hal_pcd.o
 .debug_aranges
                0x00000820       0x38 ./Drivers/STM32F1xx_HAL_Driver/Src/stm32f1xx_hal_pcd_ex.o
 .debug_aranges
                0x00000858       0x90 ./Drivers/STM32F1xx_HAL_Driver/Src/stm32f1xx_hal_rcc.o
 .debug_aranges
                0x000008e8       0x30 ./Drivers/STM32F1xx_HAL_Driver/Src/stm32f1xx_hal_rcc_ex.o
 .debug_aranges
                0x00000918      0x3d0 ./Drivers/STM32F1xx_HAL_Driver/Src/stm32f1xx_hal_tim.o
 .debug_aranges
                0x00000ce8      0x168 ./Drivers/STM32F1xx_HAL_Driver/Src/stm32f1xx_hal_tim_ex.o
 .debug_aranges
                0x00000e50      0x208 ./Drivers/STM32F1xx_HAL_Driver/Src/stm32f1xx_hal_uart.o
 .debug_aranges
                0x00001058       0xf8 ./Drivers/STM32F1xx_HAL_Driver/Src/stm32f1xx_ll_usb.o
 .debug_aranges
                0x00001150       0x90 ./Middlewares/ST/STM32_USB_Device_Library/Class/CDC/Src/usbd_cdc.o
 .debug_aranges
                0x000011e0       0xb8 ./Middlewares/ST/STM32_USB_Device_Library/Core/Src/usbd_core.o
 .debug_aranges
                0x00001298       0x88 ./Middlewares/ST/STM32_USB_Device_Library/Core/Src/usbd_ctlreq.o
 .debug_aranges
                0x00001320       0x50 ./Middlewares/ST/STM32_USB_Device_Library/Core/Src/usbd_ioreq.o
 .debug_aranges
                0x00001370       0x20 ./USB_DEVICE/App/usb_device.o
 .debug_aranges
                0x00001390       0x40 ./USB_DEVICE/App/usbd_cdc_if.o
 .debug_aranges
                0x000013d0       0x60 ./USB_DEVICE/App/usbd_desc.o
 .debug_aranges
                0x00001430      0x118 ./USB_DEVICE/Target/usbd_conf.o

.debug_rnglists
                0x00000000     0x108d
 .debug_rnglists
                0x00000000       0x98 ./Core/Src/main.o
 .debug_rnglists
                0x00000098       0x4c ./Core/Src/stm32f1xx_hal_msp.o
 .debug_rnglists
                0x000000e4       0x49 ./Core/Src/stm32f1xx_it.o
 .debug_rnglists
                0x0000012d       0x13 ./Core/Src/sysmem.o
 .debug_rnglists
                0x00000140       0x1a ./Core/Src/system_stm32f1xx.o
 .debug_rnglists
                0x0000015a       0x19 ./Core/Startup/startup_stm32f103c8tx.o
 .debug_rnglists
                0x00000173       0xa3 ./Drivers/STM32F1xx_HAL_Driver/Src/stm32f1xx_hal.o
 .debug_rnglists
                0x00000216       0xbb ./Drivers/STM32F1xx_HAL_Driver/Src/stm32f1xx_hal_cortex.o
 .debug_rnglists
                0x000002d1       0x3f ./Drivers/STM32F1xx_HAL_Driver/Src/stm32f1xx_hal_gpio.o
 .debug_rnglists
                0x00000310      0x23c ./Drivers/STM32F1xx_HAL_Driver/Src/stm32f1xx_hal_i2c.o
 .debug_rnglists
                0x0000054c       0xf4 ./Drivers/STM32F1xx_HAL_Driver/Src/stm32f1xx_hal_pcd.o
 .debug_rnglists
                0x00000640       0x26 ./Drivers/STM32F1xx_HAL_Driver/Src/stm32f1xx_hal_pcd_ex.o
 .debug_rnglists
                0x00000666       0x6c ./Drivers/STM32F1xx_HAL_Driver/Src/stm32f1xx_hal_rcc.o
 .debug_rnglists
                0x000006d2       0x21 ./Drivers/STM32F1xx_HAL_Driver/Src/stm32f1xx_hal_rcc_ex.o
 .debug_rnglists
                0x000006f3      0x31a ./Drivers/STM32F1xx_HAL_Driver/Src/stm32f1xx_hal_tim.o
 .debug_rnglists
                0x00000a0d      0x125 ./Drivers/STM32F1xx_HAL_Driver/Src/stm32f1xx_hal_tim_ex.o
 .debug_rnglists
                0x00000b32      0x1bc ./Drivers/STM32F1xx_HAL_Driver/Src/stm32f1xx_hal_uart.o
 .debug_rnglists
                0x00000cee       0xbd ./Drivers/STM32F1xx_HAL_Driver/Src/stm32f1xx_ll_usb.o
 .debug_rnglists
                0x00000dab       0x6a ./Middlewares/ST/STM32_USB_Device_Library/Class/CDC/Src/usbd_cdc.o
 .debug_rnglists
                0x00000e15       0x89 ./Middlewares/ST/STM32_USB_Device_Library/Core/Src/usbd_core.o
 .debug_rnglists
                0x00000e9e       0x68 ./Middlewares/ST/STM32_USB_Device_Library/Core/Src/usbd_ctlreq.o
 .debug_rnglists
                0x00000f06       0x37 ./Middlewares/ST/STM32_USB_Device_Library/Core/Src/usbd_ioreq.o
 .debug_rnglists
                0x00000f3d       0x13 ./USB_DEVICE/App/usb_device.o
 .debug_rnglists
                0x00000f50       0x2c ./USB_DEVICE/App/usbd_cdc_if.o
 .debug_rnglists
                0x00000f7c       0x43 ./USB_DEVICE/App/usbd_desc.o
 .debug_rnglists
                0x00000fbf       0xce ./USB_DEVICE/Target/usbd_conf.o

.debug_macro    0x00000000    0x1ae84
 .debug_macro   0x00000000      0x36e ./Core/Src/main.o
 .debug_macro   0x0000036e      0xaa8 ./Core/Src/main.o
 .debug_macro   0x00000e16      0x227 ./Core/Src/main.o
 .debug_macro   0x0000103d       0x2e ./Core/Src/main.o
 .debug_macro   0x0000106b       0x22 ./Core/Src/main.o
 .debug_macro   0x0000108d       0x22 ./Core/Src/main.o
 .debug_macro   0x000010af       0x8e ./Core/Src/main.o
 .debug_macro   0x0000113d       0x51 ./Core/Src/main.o
 .debug_macro   0x0000118e      0x103 ./Core/Src/main.o
 .debug_macro   0x00001291       0x6a ./Core/Src/main.o
 .debug_macro   0x000012fb      0x1df ./Core/Src/main.o
 .debug_macro   0x000014da       0x1c ./Core/Src/main.o
 .debug_macro   0x000014f6       0x22 ./Core/Src/main.o
 .debug_macro   0x00001518       0xbd ./Core/Src/main.o
 .debug_macro   0x000015d5      0xd23 ./Core/Src/main.o
 .debug_macro   0x000022f8     0xe09e ./Core/Src/main.o
 .debug_macro   0x00010396       0x6d ./Core/Src/main.o
 .debug_macro   0x00010403     0x34a2 ./Core/Src/main.o
 .debug_macro   0x000138a5      0x189 ./Core/Src/main.o
 .debug_macro   0x00013a2e       0x5c ./Core/Src/main.o
 .debug_macro   0x00013a8a      0x5bc ./Core/Src/main.o
 .debug_macro   0x00014046      0x289 ./Core/Src/main.o
 .debug_macro   0x000142cf      0x1cb ./Core/Src/main.o
 .debug_macro   0x0001449a      0x114 ./Core/Src/main.o
 .debug_macro   0x000145ae      0x1b2 ./Core/Src/main.o
 .debug_macro   0x00014760       0x27 ./Core/Src/main.o
 .debug_macro   0x00014787      0x136 ./Core/Src/main.o
 .debug_macro   0x000148bd      0x1bc ./Core/Src/main.o
 .debug_macro   0x00014a79       0x34 ./Core/Src/main.o
 .debug_macro   0x00014aad       0x3c ./Core/Src/main.o
 .debug_macro   0x00014ae9       0x57 ./Core/Src/main.o
 .debug_macro   0x00014b40       0x87 ./Core/Src/main.o
 .debug_macro   0x00014bc7      0x240 ./Core/Src/main.o
 .debug_macro   0x00014e07      0x287 ./Core/Src/main.o
 .debug_macro   0x0001508e      0x140 ./Core/Src/main.o
 .debug_macro   0x000151ce      0x8ed ./Core/Src/main.o
 .debug_macro   0x00015abb      0x28e ./Core/Src/main.o
 .debug_macro   0x00015d49       0xb7 ./Core/Src/main.o
 .debug_macro   0x00015e00      0x242 ./Core/Src/main.o
 .debug_macro   0x00016042       0x83 ./Core/Src/main.o
 .debug_macro   0x000160c5       0xe8 ./Core/Src/main.o
 .debug_macro   0x000161ad       0x61 ./Core/Src/main.o
 .debug_macro   0x0001620e       0x24 ./Core/Src/main.o
 .debug_macro   0x00016232       0x43 ./Core/Src/main.o
 .debug_macro   0x00016275       0x34 ./Core/Src/main.o
 .debug_macro   0x000162a9       0x16 ./Core/Src/main.o
 .debug_macro   0x000162bf       0x35 ./Core/Src/main.o
 .debug_macro   0x000162f4      0x369 ./Core/Src/main.o
 .debug_macro   0x0001665d       0x10 ./Core/Src/main.o
 .debug_macro   0x0001666d       0x16 ./Core/Src/main.o
 .debug_macro   0x00016683       0x43 ./Core/Src/main.o
 .debug_macro   0x000166c6       0x34 ./Core/Src/main.o
 .debug_macro   0x000166fa       0x10 ./Core/Src/main.o
 .debug_macro   0x0001670a       0x58 ./Core/Src/main.o
 .debug_macro   0x00016762       0x8e ./Core/Src/main.o
 .debug_macro   0x000167f0       0x1c ./Core/Src/main.o
 .debug_macro   0x0001680c      0x177 ./Core/Src/main.o
 .debug_macro   0x00016983       0x16 ./Core/Src/main.o
 .debug_macro   0x00016999       0x16 ./Core/Src/main.o
 .debug_macro   0x000169af      0x146 ./Core/Src/main.o
 .debug_macro   0x00016af5       0x16 ./Core/Src/main.o
 .debug_macro   0x00016b0b       0x16 ./Core/Src/main.o
 .debug_macro   0x00016b21       0x29 ./Core/Src/main.o
 .debug_macro   0x00016b4a       0x16 ./Core/Src/main.o
 .debug_macro   0x00016b60       0x20 ./Core/Src/main.o
 .debug_macro   0x00016b80       0x5f ./Core/Src/main.o
 .debug_macro   0x00016bdf      0x1c8 ./Core/Src/main.o
 .debug_macro   0x00016da7      0x1e0 ./Core/Src/stm32f1xx_hal_msp.o
 .debug_macro   0x00016f87      0x1ea ./Core/Src/stm32f1xx_it.o
 .debug_macro   0x00017171       0xff ./Core/Src/sysmem.o
 .debug_macro   0x00017270      0x23c ./Core/Src/sysmem.o
 .debug_macro   0x000174ac      0x1d1 ./Core/Src/system_stm32f1xx.o
 .debug_macro   0x0001767d      0x1f5 ./Drivers/STM32F1xx_HAL_Driver/Src/stm32f1xx_hal.o
 .debug_macro   0x00017872      0x1d1 ./Drivers/STM32F1xx_HAL_Driver/Src/stm32f1xx_hal_cortex.o
 .debug_macro   0x00017a43      0x23c ./Drivers/STM32F1xx_HAL_Driver/Src/stm32f1xx_hal_gpio.o
 .debug_macro   0x00017c7f      0x21f ./Drivers/STM32F1xx_HAL_Driver/Src/stm32f1xx_hal_i2c.o
 .debug_macro   0x00017e9e      0x1dd ./Drivers/STM32F1xx_HAL_Driver/Src/stm32f1xx_hal_pcd.o
 .debug_macro   0x0001807b      0x1d1 ./Drivers/STM32F1xx_HAL_Driver/Src/stm32f1xx_hal_pcd_ex.o