../Core/Src/main.c:85:6:PCA9685_SetBit	40	static
../Core/Src/main.c:96:6:PCA9685_SetPWMFrequency	40	static
../Core/Src/main.c:110:6:PCA9685_Init	16	static
../Core/Src/main.c:116:6:PCA9685_SetPWM	40	static
../Core/Src/main.c:129:6:PCA9685_SetServoAngle	24	static
../Core/Src/main.c:138:10:MapPowerToPulse	16	static
../Core/Src/main.c:143:8:SendFeedback	16	static
../Core/Src/main.c:148:8:Single_Esc_Control	88	static
../Core/Src/main.c:165:8:Batch_Esc_Control	88	static
../Core/Src/main.c:183:8:Burst_Esc_Control	88	static
../Core/Src/main.c:201:8:Control_Command_Handler	56	static
../Core/Src/main.c:246:5:main	16	static
../Core/Src/main.c:331:6:SystemClock_Config	88	static
../Core/Src/main.c:378:13:MX_I2C1_Init	8	static
../Core/Src/main.c:412:13:MX_TIM1_Init	32	static
../Core/Src/main.c:465:13:MX_TIM2_Init	48	static
../Core/Src/main.c:526:13:MX_TIM3_Init	32	static
../Core/Src/main.c:586:13:MX_TIM4_Init	32	static
../Core/Src/main.c:638:13:MX_USART3_UART_Init	8	static
../Core/Src/main.c:671:13:MX_GPIO_Init	40	static
../Core/Src/main.c:711:6:Error_Handler	4	static,ignoring_inline_asm
