../Core/Src/main.c:85:6:PCA9685_SetBit	2
../Core/Src/main.c:96:6:PCA9685_SetPWMFrequency	3
../Core/Src/main.c:110:6:PCA9685_Init	1
../Core/Src/main.c:116:6:PCA9685_SetPWM	1
../Core/Src/main.c:129:6:PCA9685_SetServoAngle	1
../Core/Src/main.c:138:10:MapPowerToPulse	2
../Core/Src/main.c:143:8:SendFeedback	1
../Core/Src/main.c:148:8:Single_Esc_Control	5
../Core/Src/main.c:165:8:Batch_Esc_Control	6
../Core/Src/main.c:183:8:Burst_Esc_Control	6
../Core/Src/main.c:201:8:Control_Command_Handler	6
../Core/Src/main.c:246:5:main	5
../Core/Src/main.c:331:6:SystemClock_Config	4
../Core/Src/main.c:378:13:MX_I2C1_Init	2
../Core/Src/main.c:412:13:MX_TIM1_Init	5
../Core/Src/main.c:465:13:MX_TIM2_Init	7
../Core/Src/main.c:526:13:MX_TIM3_Init	7
../Core/Src/main.c:586:13:MX_TIM4_Init	5
../Core/Src/main.c:638:13:MX_USART3_UART_Init	2
../Core/Src/main.c:671:13:MX_GPIO_Init	1
../Core/Src/main.c:711:6:Error_Handler	1
